Component: ARM Compiler 6.14 Tool: armlink [5db06800]

==============================================================================

Section Cross References

    adc.o(.ARM.exidx.text.ADC_ClockConfig) refers to adc.o(.text.ADC_ClockConfig) for [Anonymous Symbol]
    adc.o(.ARM.exidx.text.ADC_Config) refers to adc.o(.text.ADC_Config) for [Anonymous Symbol]
    adc.o(.ARM.exidx.text.ADC_Start) refers to adc.o(.text.ADC_Start) for [Anonymous Symbol]
    adc.o(.ARM.exidx.text.ADC_GetValue) refers to adc.o(.text.ADC_GetValue) for [Anonymous Symbol]
    main.o(.ARM.exidx.text.delay) refers to main.o(.text.delay) for [Anonymous Symbol]
    main.o(.text.main) refers to oled.o(.text.oled_init_64) for oled_init_64
    main.o(.text.main) refers to oled.o(.text.oled_print) for oled_print
    main.o(.text.main) refers to oled.o(.text.oled_clear) for oled_clear
    main.o(.text.main) refers to gpio.o(.text.GPIO_Init) for GPIO_Init
    main.o(.text.main) refers to adc.o(.text.ADC_ClockConfig) for ADC_ClockConfig
    main.o(.text.main) refers to adc.o(.text.ADC_Config) for ADC_Config
    main.o(.text.main) refers to adc.o(.text.ADC_Start) for ADC_Start
    main.o(.text.main) refers to main.o(.bss.value) for value
    main.o(.text.main) refers to adc.o(.text.ADC_GetValue) for ADC_GetValue
    main.o(.ARM.exidx.text.main) refers to main.o(.text.main) for [Anonymous Symbol]
    clock.o(.ARM.exidx.text.RCC_HSEConfig) refers to clock.o(.text.RCC_HSEConfig) for [Anonymous Symbol]
    clock.o(.ARM.exidx.text.RCC_PLLConfig) refers to clock.o(.text.RCC_PLLConfig) for [Anonymous Symbol]
    clock.o(.ARM.exidx.text.RCC_AdcConfig) refers to clock.o(.text.RCC_AdcConfig) for [Anonymous Symbol]
    gpio.o(.ARM.exidx.text.GPIO_ClockEnable) refers to gpio.o(.text.GPIO_ClockEnable) for [Anonymous Symbol]
    gpio.o(.text.GPIO_Init) refers to gpio.o(.text.GPIO_ClockEnable) for GPIO_ClockEnable
    gpio.o(.ARM.exidx.text.GPIO_Init) refers to gpio.o(.text.GPIO_Init) for [Anonymous Symbol]
    gpio.o(.ARM.exidx.text.GPIO_WriteOutputPin) refers to gpio.o(.text.GPIO_WriteOutputPin) for [Anonymous Symbol]
    gpio.o(.ARM.exidx.text.GPIO_ReadInputPin) refers to gpio.o(.text.GPIO_ReadInputPin) for [Anonymous Symbol]
    gpio.o(.ARM.exidx.text.GPIO_TogglePin) refers to gpio.o(.text.GPIO_TogglePin) for [Anonymous Symbol]
    i2c.o(.text.i2c_init) refers to gpio.o(.text.GPIO_Init) for GPIO_Init
    i2c.o(.ARM.exidx.text.i2c_init) refers to i2c.o(.text.i2c_init) for [Anonymous Symbol]
    i2c.o(.ARM.exidx.text.i2c_start) refers to i2c.o(.text.i2c_start) for [Anonymous Symbol]
    i2c.o(.ARM.exidx.text.i2c_add) refers to i2c.o(.text.i2c_add) for [Anonymous Symbol]
    i2c.o(.ARM.exidx.text.i2c_data) refers to i2c.o(.text.i2c_data) for [Anonymous Symbol]
    i2c.o(.ARM.exidx.text.i2c_stop) refers to i2c.o(.text.i2c_stop) for [Anonymous Symbol]
    i2c.o(.text.i2c_write) refers to i2c.o(.text.i2c_start) for i2c_start
    i2c.o(.text.i2c_write) refers to i2c.o(.text.i2c_add) for i2c_add
    i2c.o(.text.i2c_write) refers to i2c.o(.text.i2c_data) for i2c_data
    i2c.o(.text.i2c_write) refers to i2c.o(.text.i2c_stop) for i2c_stop
    i2c.o(.ARM.exidx.text.i2c_write) refers to i2c.o(.text.i2c_write) for [Anonymous Symbol]
    oled.o(.text.oled_cmd_1byte) refers to i2c.o(.text.i2c_start) for i2c_start
    oled.o(.text.oled_cmd_1byte) refers to i2c.o(.text.i2c_add) for i2c_add
    oled.o(.text.oled_cmd_1byte) refers to i2c.o(.text.i2c_data) for i2c_data
    oled.o(.text.oled_cmd_1byte) refers to i2c.o(.text.i2c_stop) for i2c_stop
    oled.o(.ARM.exidx.text.oled_cmd_1byte) refers to oled.o(.text.oled_cmd_1byte) for [Anonymous Symbol]
    oled.o(.text.oled_cmd_2byte) refers to i2c.o(.text.i2c_start) for i2c_start
    oled.o(.text.oled_cmd_2byte) refers to i2c.o(.text.i2c_add) for i2c_add
    oled.o(.text.oled_cmd_2byte) refers to i2c.o(.text.i2c_data) for i2c_data
    oled.o(.text.oled_cmd_2byte) refers to i2c.o(.text.i2c_stop) for i2c_stop
    oled.o(.ARM.exidx.text.oled_cmd_2byte) refers to oled.o(.text.oled_cmd_2byte) for [Anonymous Symbol]
    oled.o(.text.oled_init) refers to i2c.o(.text.i2c_init) for i2c_init
    oled.o(.text.oled_init) refers to oled.o(.text.oled_cmd_2byte) for oled_cmd_2byte
    oled.o(.text.oled_init) refers to oled.o(.text.oled_cmd_1byte) for oled_cmd_1byte
    oled.o(.ARM.exidx.text.oled_init) refers to oled.o(.text.oled_init) for [Anonymous Symbol]
    oled.o(.text.oled_init_64) refers to oled.o(.text.oled_init) for oled_init
    oled.o(.text.oled_init_64) refers to oled.o(.text.oled_clear) for oled_clear
    oled.o(.text.oled_init_64) refers to oled.o(.text.oled_print) for oled_print
    oled.o(.ARM.exidx.text.oled_init_64) refers to oled.o(.text.oled_init_64) for [Anonymous Symbol]
    oled.o(.text.oled_clear) refers to oled.o(.text.oled_pos) for oled_pos
    oled.o(.text.oled_clear) refers to oled.o(.text.oled_data) for oled_data
    oled.o(.ARM.exidx.text.oled_clear) refers to oled.o(.text.oled_clear) for [Anonymous Symbol]
[...]
    Removing tasks.o(.ARM.exidx.text.prvListTasksWithinSingleList), (8 bytes).
    Removing tasks.o(.text.xTaskCatchUpTicks), (36 bytes).
    Removing tasks.o(.ARM.exidx.text.xTaskCatchUpTicks), (8 bytes).
    Removing tasks.o(.text.xTaskAbortDelay), (152 bytes).
    Removing tasks.o(.ARM.exidx.text.xTaskAbortDelay), (8 bytes).
    Removing tasks.o(.ARM.exidx.text.vTaskPlaceOnEventList), (8 bytes).
    Removing tasks.o(.text.vTaskPlaceOnUnorderedEventList), (80 bytes).
    Removing tasks.o(.ARM.exidx.text.vTaskPlaceOnUnorderedEventList), (8 bytes).
    Removing tasks.o(.text.vTaskPlaceOnEventListRestricted), (80 bytes).
    Removing tasks.o(.ARM.exidx.text.vTaskPlaceOnEventListRestricted), (8 bytes).
    Removing tasks.o(.ARM.exidx.text.xTaskRemoveFromEventList), (8 bytes).
    Removing tasks.o(.text.vTaskRemoveFromUnorderedEventList), (182 bytes).
    Removing tasks.o(.ARM.exidx.text.vTaskRemoveFromUnorderedEventList), (8 bytes).
    Removing tasks.o(.text.vTaskSetTimeOutState), (38 bytes).
    Removing tasks.o(.ARM.exidx.text.vTaskSetTimeOutState), (8 bytes).
    Removing tasks.o(.ARM.exidx.text.vTaskInternalSetTimeOutState), (8 bytes).
    Removing tasks.o(.ARM.exidx.text.xTaskCheckForTimeOut), (8 bytes).
    Removing tasks.o(.ARM.exidx.text.vTaskMissedYield), (8 bytes).
    Removing tasks.o(.text.uxTaskGetTaskNumber), (10 bytes).
    Removing tasks.o(.ARM.exidx.text.uxTaskGetTaskNumber), (8 bytes).
    Removing tasks.o(.text.vTaskSetTaskNumber), (8 bytes).
    Removing tasks.o(.ARM.exidx.text.vTaskSetTaskNumber), (8 bytes).
    Removing tasks.o(.text.vTaskGetInfo), (158 bytes).
    Removing tasks.o(.ARM.exidx.text.vTaskGetInfo), (8 bytes).
    Removing tasks.o(.text.prvTaskCheckFreeStackSpace), (30 bytes).
    Removing tasks.o(.ARM.exidx.text.prvTaskCheckFreeStackSpace), (8 bytes).
    Removing tasks.o(.text.uxTaskGetStackHighWaterMark), (22 bytes).
    Removing tasks.o(.ARM.exidx.text.uxTaskGetStackHighWaterMark), (8 bytes).
    Removing tasks.o(.text.xTaskGetCurrentTaskHandle), (12 bytes).
    Removing tasks.o(.ARM.exidx.text.xTaskGetCurrentTaskHandle), (8 bytes).
    Removing tasks.o(.text.xTaskGetCurrentTaskHandleForCore), (20 bytes).
    Removing tasks.o(.ARM.exidx.text.xTaskGetCurrentTaskHandleForCore), (8 bytes).
    Removing tasks.o(.ARM.exidx.text.xTaskGetSchedulerState), (8 bytes).
    Removing tasks.o(.ARM.exidx.text.xTaskPriorityInherit), (8 bytes).
    Removing tasks.o(.ARM.exidx.text.xTaskPriorityDisinherit), (8 bytes).
    Removing tasks.o(.ARM.exidx.text.vTaskPriorityDisinheritAfterTimeout), (8 bytes).
    Removing tasks.o(.text.uxTaskResetEventItemValue), (26 bytes).
    Removing tasks.o(.ARM.exidx.text.uxTaskResetEventItemValue), (8 bytes).
    Removing tasks.o(.ARM.exidx.text.pvTaskIncrementMutexHeldCount), (8 bytes).
    Removing tasks.o(.text.ulTaskGenericNotifyTake), (164 bytes).
    Removing tasks.o(.ARM.exidx.text.ulTaskGenericNotifyTake), (8 bytes).
    Removing tasks.o(.text.xTaskGenericNotifyWait), (208 bytes).
    Removing tasks.o(.ARM.exidx.text.xTaskGenericNotifyWait), (8 bytes).
    Removing tasks.o(.text.xTaskGenericNotify), (250 bytes).
    Removing tasks.o(.ARM.exidx.text.xTaskGenericNotify), (8 bytes).
    Removing tasks.o(.text.xTaskGenericNotifyFromISR), (302 bytes).
    Removing tasks.o(.ARM.exidx.text.xTaskGenericNotifyFromISR), (8 bytes).
    Removing tasks.o(.text.vTaskGenericNotifyGiveFromISR), (236 bytes).
    Removing tasks.o(.ARM.exidx.text.vTaskGenericNotifyGiveFromISR), (8 bytes).
    Removing tasks.o(.text.xTaskGenericNotifyStateClear), (46 bytes).
    Removing tasks.o(.ARM.exidx.text.xTaskGenericNotifyStateClear), (8 bytes).
    Removing tasks.o(.text.ulTaskGenericNotifyValueClear), (44 bytes).
    Removing tasks.o(.ARM.exidx.text.ulTaskGenericNotifyValueClear), (8 bytes).
    Removing tasks.o(.text.vApplicationGetIdleTaskMemory), (26 bytes).
    Removing tasks.o(.ARM.exidx.text.vApplicationGetIdleTaskMemory), (8 bytes).
    Removing tasks.o(.text.vApplicationGetTimerTaskMemory), (26 bytes).
    Removing tasks.o(.ARM.exidx.text.vApplicationGetTimerTaskMemory), (8 bytes).
    Removing tasks.o(.text.vTaskResetState), (124 bytes).
    Removing tasks.o(.ARM.exidx.text.vTaskResetState), (8 bytes).
    Removing tasks.o(.text.prvInitialiseNewTask), (134 bytes).
    Removing tasks.o(.ARM.exidx.text.prvInitialiseNewTask), (8 bytes).
    Removing tasks.o(.text.prvInitialiseTaskLists), (112 bytes).
    Removing tasks.o(.ARM.exidx.text.prvInitialiseTaskLists), (8 bytes).
    Removing tasks.o(.text.prvIdleTask), (42 bytes).
    Removing tasks.o(.ARM.exidx.text.prvIdleTask), (8 bytes).
    Removing tasks.o(.bss.uxTaskNumber), (4 bytes).
    Removing tasks.o(.bss.xTasksWaitingTermination), (20 bytes).
    Removing tasks.o(.bss.uxDeletedTasksWaitingCleanUp), (4 bytes).
    Removing tasks.o(.rodata.uxTopUsedPriority), (4 bytes).
    Removing tasks.o(.bss.vApplicationGetIdleTaskMemory.xIdleTaskTCB), (92 bytes).
    Removing tasks.o(.bss.vApplicationGetIdleTaskMemory.uxIdleTaskStack), (512 bytes).
    Removing tasks.o(.bss.vApplicationGetTimerTaskMemory.xTimerTaskTCB), (92 bytes).
    Removing tasks.o(.bss.vApplicationGetTimerTaskMemory.uxTimerTaskStack), (320 bytes).
    Removing tasks.o(.bss.xDelayedTaskList1), (20 bytes).
    Removing tasks.o(.bss.xDelayedTaskList2), (20 bytes).
    Removing tasks.o(.rodata.str1.1), (5 bytes).
    Removing tasks.o(.bss.xIdleTaskHandles.0), (4 bytes).
    Removing timers.o(.text), (0 bytes).
    Removing timers.o(.text.xTimerCreateTimerTask), (104 bytes).
    Removing timers.o(.ARM.exidx.text.xTimerCreateTimerTask), (8 bytes).
    Removing timers.o(.text.prvCheckForValidListAndQueue), (106 bytes).
    Removing timers.o(.ARM.exidx.text.prvCheckForValidListAndQueue), (8 bytes).
    Removing timers.o(.text.prvTimerTask), (22 bytes).
    Removing timers.o(.ARM.exidx.text.prvTimerTask), (8 bytes).
    Removing timers.o(.text.xTimerCreate), (56 bytes).
    Removing timers.o(.ARM.exidx.text.xTimerCreate), (8 bytes).
    Removing timers.o(.text.prvInitialiseNewTimer), (62 bytes).
    Removing timers.o(.ARM.exidx.text.prvInitialiseNewTimer), (8 bytes).
    Removing timers.o(.text.xTimerCreateStatic), (32 bytes).
    Removing timers.o(.ARM.exidx.text.xTimerCreateStatic), (8 bytes).
    Removing timers.o(.text.xTimerGenericCommandFromTask), (64 bytes).
    Removing timers.o(.ARM.exidx.text.xTimerGenericCommandFromTask), (8 bytes).
    Removing timers.o(.text.xTimerGenericCommandFromISR), (54 bytes).
    Removing timers.o(.ARM.exidx.text.xTimerGenericCommandFromISR), (8 bytes).
    Removing timers.o(.text.xTimerGetTimerDaemonTaskHandle), (12 bytes).
    Removing timers.o(.ARM.exidx.text.xTimerGetTimerDaemonTaskHandle), (8 bytes).
    Removing timers.o(.text.xTimerGetPeriod), (4 bytes).
    Removing timers.o(.ARM.exidx.text.xTimerGetPeriod), (8 bytes).
    Removing timers.o(.text.vTimerSetReloadMode), (36 bytes).
    Removing timers.o(.ARM.exidx.text.vTimerSetReloadMode), (8 bytes).
    Removing timers.o(.text.xTimerGetReloadMode), (24 bytes).
    Removing timers.o(.ARM.exidx.text.xTimerGetReloadMode), (8 bytes).
    Removing timers.o(.text.uxTimerGetReloadMode), (8 bytes).
    Removing timers.o(.ARM.exidx.text.uxTimerGetReloadMode), (8 bytes).
    Removing timers.o(.text.xTimerGetExpiryTime), (4 bytes).
    Removing timers.o(.ARM.exidx.text.xTimerGetExpiryTime), (8 bytes).
    Removing timers.o(.text.xTimerGetStaticBuffer), (16 bytes).
    Removing timers.o(.ARM.exidx.text.xTimerGetStaticBuffer), (8 bytes).
    Removing timers.o(.text.pcTimerGetName), (4 bytes).
    Removing timers.o(.ARM.exidx.text.pcTimerGetName), (8 bytes).
    Removing timers.o(.text.xTimerIsTimerActive), (24 bytes).
    Removing timers.o(.ARM.exidx.text.xTimerIsTimerActive), (8 bytes).
    Removing timers.o(.text.pvTimerGetTimerID), (18 bytes).
    Removing timers.o(.ARM.exidx.text.pvTimerGetTimerID), (8 bytes).
    Removing timers.o(.text.vTimerSetTimerID), (18 bytes).
    Removing timers.o(.ARM.exidx.text.vTimerSetTimerID), (8 bytes).
    Removing timers.o(.text.xTimerPendFunctionCallFromISR), (42 bytes).
    Removing timers.o(.ARM.exidx.text.xTimerPendFunctionCallFromISR), (8 bytes).
    Removing timers.o(.text.xTimerPendFunctionCall), (42 bytes).
    Removing timers.o(.ARM.exidx.text.xTimerPendFunctionCall), (8 bytes).
    Removing timers.o(.text.uxTimerGetTimerNumber), (4 bytes).
    Removing timers.o(.ARM.exidx.text.uxTimerGetTimerNumber), (8 bytes).
    Removing timers.o(.text.vTimerSetTimerNumber), (4 bytes).
    Removing timers.o(.ARM.exidx.text.vTimerSetTimerNumber), (8 bytes).
    Removing timers.o(.text.vTimerResetState), (24 bytes).
    Removing timers.o(.ARM.exidx.text.vTimerResetState), (8 bytes).
    Removing timers.o(.text.prvGetNextExpireTime), (32 bytes).
    Removing timers.o(.ARM.exidx.text.prvGetNextExpireTime), (8 bytes).
    Removing timers.o(.text.prvProcessTimerOrBlockTask), (128 bytes).
    Removing timers.o(.ARM.exidx.text.prvProcessTimerOrBlockTask), (8 bytes).
    Removing timers.o(.text.prvProcessReceivedCommands), (262 bytes).
    Removing timers.o(.ARM.exidx.text.prvProcessReceivedCommands), (8 bytes).
    Removing timers.o(.text.prvSampleTimeNow), (42 bytes).
    Removing timers.o(.ARM.exidx.text.prvSampleTimeNow), (8 bytes).
    Removing timers.o(.text.prvProcessExpiredTimer), (62 bytes).
    Removing timers.o(.ARM.exidx.text.prvProcessExpiredTimer), (8 bytes).
    Removing timers.o(.text.prvSwitchTimerLists), (52 bytes).
    Removing timers.o(.ARM.exidx.text.prvSwitchTimerLists), (8 bytes).
    Removing timers.o(.text.prvReloadTimer), (58 bytes).
    Removing timers.o(.ARM.exidx.text.prvReloadTimer), (8 bytes).
    Removing timers.o(.text.prvInsertTimerInActiveList), (64 bytes).
    Removing timers.o(.ARM.exidx.text.prvInsertTimerInActiveList), (8 bytes).
    Removing timers.o(.bss.xTimerQueue), (4 bytes).
    Removing timers.o(.bss.xTimerTaskHandle), (4 bytes).
    Removing timers.o(.bss.pxCurrentTimerList), (4 bytes).
    Removing timers.o(.bss.pxOverflowTimerList), (4 bytes).
    Removing timers.o(.bss.prvSampleTimeNow.xLastTime), (4 bytes).
    Removing timers.o(.bss.xActiveTimerList1), (20 bytes).
    Removing timers.o(.bss.xActiveTimerList2), (20 bytes).
    Removing timers.o(.bss.prvCheckForValidListAndQueue.xStaticTimerQueue), (80 bytes).
    Removing timers.o(.bss.prvCheckForValidListAndQueue.ucStaticTimerQueueStorage), (80 bytes).

603 unused section(s) (total 19805 bytes) removed from the image.

==============================================================================

Image Symbol Table

    Local Symbols

    Symbol Name                              Value     Ov Type        Size  Object(Section)

    ../clib/angel/boardlib.s                 0x00000000   Number         0  boardinit1.o ABSOLUTE
    ../clib/angel/boardlib.s                 0x00000000   Number         0  boardinit3.o ABSOLUTE
    ../clib/angel/boardlib.s                 0x00000000   Number         0  boardshut.o ABSOLUTE
    ../clib/angel/handlers.s                 0x00000000   Number         0  __scatter_copy.o ABSOLUTE
    ../clib/angel/handlers.s                 0x00000000   Number         0  __scatter_zi.o ABSOLUTE
    ../clib/angel/kernel.s                   0x00000000   Number         0  __rtentry.o ABSOLUTE
    ../clib/angel/kernel.s                   0x00000000   Number         0  __rtentry2.o ABSOLUTE
    ../clib/angel/kernel.s                   0x00000000   Number         0  __rtentry4.o ABSOLUTE
    ../clib/angel/kernel.s                   0x00000000   Number         0  rtexit.o ABSOLUTE
    ../clib/angel/kernel.s                   0x00000000   Number         0  rtexit2.o ABSOLUTE
    ../clib/angel/rt.s                       0x00000000   Number         0  rt_raise.o ABSOLUTE
    ../clib/angel/scatter.s                  0x00000000   Number         0  __scatter.o ABSOLUTE
    ../clib/angel/startup.s                  0x00000000   Number         0  __main.o ABSOLUTE
    ../clib/angel/sys.s                      0x00000000   Number         0  sys_stackheap_outer.o ABSOLUTE
    ../clib/angel/sys.s                      0x00000000   Number         0  libspace.o ABSOLUTE
    ../clib/angel/sys.s                      0x00000000   Number         0  use_no_semi.o ABSOLUTE
    ../clib/angel/sys.s                      0x00000000   Number         0  indicate_semi.o ABSOLUTE
    ../clib/angel/sysapp.c                   0x00000000   Number         0  sys_exit.o ABSOLUTE
    ../clib/angel/sysapp.c                   0x00000000   Number         0  sys_exit_hlt.o ABSOLUTE
    ../clib/angel/sysapp.c                   0x00000000   Number         0  sys_command.o ABSOLUTE
    ../clib/angel/sysapp.c                   0x00000000   Number         0  sys_command_hlt.o ABSOLUTE
    ../clib/angel/sysapp.c                   0x00000000   Number         0  sys_wrch.o ABSOLUTE
    ../clib/angel/sysapp.c                   0x00000000   Number         0  sys_wrch_hlt.o ABSOLUTE
    ../clib/armsys.c                         0x00000000   Number         0  argv_veneer.o ABSOLUTE
    ../clib/armsys.c                         0x00000000   Number         0  argv_veneer.o ABSOLUTE
    ../clib/armsys.c                         0x00000000   Number         0  _get_argv_nomalloc.o ABSOLUTE
    ../clib/armsys.c                         0x00000000   Number         0  no_argv.o ABSOLUTE
    ../clib/heapalloc.c                      0x00000000   Number         0  hrguard.o ABSOLUTE
    ../clib/heapaux.c                        0x00000000   Number         0  heapauxi.o ABSOLUTE
    ../clib/libinit.s                        0x00000000   Number         0  libinit.o ABSOLUTE
    ../clib/libinit.s                        0x00000000   Number         0  libinit2.o ABSOLUTE
    ../clib/libinit.s                        0x00000000   Number         0  libshutdown.o ABSOLUTE
    ../clib/libinit.s                        0x00000000   Number         0  libshutdown2.o ABSOLUTE
    ../clib/memcpset.s                       0x00000000   Number         0  rt_memcpy_v6.o ABSOLUTE
    ../clib/memcpset.s                       0x00000000   Number         0  aeabi_memset4.o ABSOLUTE
    ../clib/memcpset.s                       0x00000000   Number         0  rt_memclr.o ABSOLUTE
    ../clib/memcpset.s                       0x00000000   Number         0  rt_memcpy_w.o ABSOLUTE
    ../clib/memcpset.s                       0x00000000   Number         0  rt_memclr_w.o ABSOLUTE
    ../clib/signal.c                         0x00000000   Number         0  defsig_rtmem_outer.o ABSOLUTE
    ../clib/signal.c                         0x00000000   Number         0  defsig_rtmem_formal.o ABSOLUTE
    ../clib/signal.c                         0x00000000   Number         0  defsig_exit.o ABSOLUTE
    ../clib/signal.c                         0x00000000   Number         0  defsig_rtmem_inner.o ABSOLUTE
    ../clib/signal.c                         0x00000000   Number         0  __raise.o ABSOLUTE
    ../clib/signal.c                         0x00000000   Number         0  defsig_general.o ABSOLUTE
    ../clib/signal.c                         0x00000000   Number         0  defsig_abrt_inner.o ABSOLUTE
    ../clib/signal.c                         0x00000000   Number         0  defsig_fpe_inner.o ABSOLUTE
    ../clib/signal.c                         0x00000000   Number         0  defsig_rtred_inner.o ABSOLUTE
    ../clib/signal.c                         0x00000000   Number         0  defsig_stak_inner.o ABSOLUTE
    ../clib/signal.c                         0x00000000   Number         0  defsig_pvfn_inner.o ABSOLUTE
    ../clib/signal.c                         0x00000000   Number         0  defsig_cppl_inner.o ABSOLUTE
    ../clib/signal.c                         0x00000000   Number         0  defsig_segv_inner.o ABSOLUTE
    ../clib/signal.c                         0x00000000   Number         0  defsig_other.o ABSOLUTE
    ../clib/signal.s                         0x00000000   Number         0  defsig.o ABSOLUTE
    ../clib/stdlib.c                         0x00000000   Number         0  exit.o ABSOLUTE
    ../fplib/daddsub.s                       0x00000000   Number         0  daddsub_clz.o ABSOLUTE
    ../fplib/dfix.s                          0x00000000   Number         0  dfix.o ABSOLUTE
    ../fplib/dflt.s                          0x00000000   Number         0  dflt_clz.o ABSOLUTE
    ../fplib/dmul.s                          0x00000000   Number         0  dmul.o ABSOLUTE
    ../fplib/dnaninf.s                       0x00000000   Number         0  dnaninf.o ABSOLUTE
    ../fplib/dretinf.s                       0x00000000   Number         0  dretinf.o ABSOLUTE
    ../fplib/fpinit.s                        0x00000000   Number         0  fpinit.o ABSOLUTE
    ../fplib/fpinit_empty.s                  0x00000000   Number         0  fpinit_empty.o ABSOLUTE
    ../fplib/usenofp.s                       0x00000000   Number         0  usenofp.o ABSOLUTE
    ADC.c                                    0x00000000   Number         0  adc.o ABSOLUTE
    Clock.c                                  0x00000000   Number         0  clock.o ABSOLUTE
    I2C.c                                    0x00000000   Number         0  i2c.o ABSOLUTE
    Oled.c                                   0x00000000   Number         0  oled.o ABSOLUTE
    RTE/Device/STM32F103C8/startup_stm32f10x_md.s 0x00000000   Number         0  startup_stm32f10x_md.o ABSOLUTE
    clib_os.c                                0x00000000   Number         0  clib_os.o ABSOLUTE
    cmsis_os2.c                              0x00000000   Number         0  cmsis_os2.o ABSOLUTE
    dc.s                                     0x00000000   Number         0  dc.o ABSOLUTE
    event_groups.c                           0x00000000   Number         0  event_groups.o ABSOLUTE
    freertos_evr.c                           0x00000000   Number         0  freertos_evr.o ABSOLUTE
    gpio.c                                   0x00000000   Number         0  gpio.o ABSOLUTE
    heap_4.c                                 0x00000000   Number         0  heap_4.o ABSOLUTE
    list.c                                   0x00000000   Number         0  list.o ABSOLUTE
    main.c                                   0x00000000   Number         0  main.o ABSOLUTE
    os_systick.c                             0x00000000   Number         0  os_systick.o ABSOLUTE
    port.c                                   0x00000000   Number         0  port.o ABSOLUTE
    queue.c                                  0x00000000   Number         0  queue.o ABSOLUTE
    system_stm32f10x.c                       0x00000000   Number         0  system_stm32f10x.o ABSOLUTE
    tasks.c                                  0x00000000   Number         0  tasks.o ABSOLUTE
    timers.c                                 0x00000000   Number         0  timers.o ABSOLUTE
    RESET                                    0x08000000   Section      236  startup_stm32f10x_md.o(RESET)
    !!!main                                  0x080000ec   Section        8  __main.o(!!!main)
    !!!scatter                               0x080000f4   Section       52  __scatter.o(!!!scatter)
    !!handler_copy                           0x08000128   Section       26  __scatter_copy.o(!!handler_copy)
    !!handler_zi                             0x08000144   Section       28  __scatter_zi.o(!!handler_zi)
    .ARM.Collect$$libinit$$00000000          0x08000160   Section        2  libinit.o(.ARM.Collect$$libinit$$00000000)
    .ARM.Collect$$libinit$$00000002          0x08000162   Section        0  libinit2.o(.ARM.Collect$$libinit$$00000002)
    .ARM.Collect$$libinit$$00000004          0x08000162   Section        0  libinit2.o(.ARM.Collect$$libinit$$00000004)
    .ARM.Collect$$libinit$$0000000A          0x08000162   Section        0  libinit2.o(.ARM.Collect$$libinit$$0000000A)
    .ARM.Collect$$libinit$$0000000C          0x08000162   Section        0  libinit2.o(.ARM.Collect$$libinit$$0000000C)
    .ARM.Collect$$libinit$$0000000E          0x08000162   Section        0  libinit2.o(.ARM.Collect$$libinit$$0000000E)
    .ARM.Collect$$libinit$$00000011          0x08000162   Section        0  libinit2.o(.ARM.Collect$$libinit$$00000011)
    .ARM.Collect$$libinit$$00000013          0x08000162   Section        0  libinit2.o(.ARM.Collect$$libinit$$00000013)
    .ARM.Collect$$libinit$$00000015          0x08000162   Section        0  libinit2.o(.ARM.Collect$$libinit$$00000015)
    .ARM.Collect$$libinit$$00000017          0x08000162   Section        0  libinit2.o(.ARM.Collect$$libinit$$00000017)
    .ARM.Collect$$libinit$$00000019          0x08000162   Section        0  libinit2.o(.ARM.Collect$$libinit$$00000019)
    .ARM.Collect$$libinit$$0000001B          0x08000162   Section        0  libinit2.o(.ARM.Collect$$libinit$$0000001B)
    .ARM.Collect$$libinit$$0000001D          0x08000162   Section        0  libinit2.o(.ARM.Collect$$libinit$$0000001D)
    .ARM.Collect$$libinit$$0000001F          0x08000162   Section        0  libinit2.o(.ARM.Collect$$libinit$$0000001F)
    .ARM.Collect$$libinit$$00000021          0x08000162   Section        0  libinit2.o(.ARM.Collect$$libinit$$00000021)
    .ARM.Collect$$libinit$$00000023          0x08000162   Section        0  libinit2.o(.ARM.Collect$$libinit$$00000023)
    .ARM.Collect$$libinit$$00000025          0x08000162   Section        0  libinit2.o(.ARM.Collect$$libinit$$00000025)
    .ARM.Collect$$libinit$$0000002C          0x08000162   Section        0  libinit2.o(.ARM.Collect$$libinit$$0000002C)
    .ARM.Collect$$libinit$$0000002E          0x08000162   Section        0  libinit2.o(.ARM.Collect$$libinit$$0000002E)
    .ARM.Collect$$libinit$$00000030          0x08000162   Section        0  libinit2.o(.ARM.Collect$$libinit$$00000030)
    .ARM.Collect$$libinit$$00000032          0x08000162   Section        0  libinit2.o(.ARM.Collect$$libinit$$00000032)
    .ARM.Collect$$libinit$$00000033          0x08000162   Section        2  libinit2.o(.ARM.Collect$$libinit$$00000033)
    .ARM.Collect$$libshutdown$$00000000      0x08000164   Section        2  libshutdown.o(.ARM.Collect$$libshutdown$$00000000)
    .ARM.Collect$$libshutdown$$00000002      0x08000166   Section        0  libshutdown2.o(.ARM.Collect$$libshutdown$$00000002)
    .ARM.Collect$$libshutdown$$00000004      0x08000166   Section        0  libshutdown2.o(.ARM.Collect$$libshutdown$$00000004)
    .ARM.Collect$$libshutdown$$00000007      0x08000166   Section        0  libshutdown2.o(.ARM.Collect$$libshutdown$$00000007)
    .ARM.Collect$$libshutdown$$0000000A      0x08000166   Section        0  libshutdown2.o(.ARM.Collect$$libshutdown$$0000000A)
    .ARM.Collect$$libshutdown$$0000000C      0x08000166   Section        0  libshutdown2.o(.ARM.Collect$$libshutdown$$0000000C)
    .ARM.Collect$$libshutdown$$0000000F      0x08000166   Section        0  libshutdown2.o(.ARM.Collect$$libshutdown$$0000000F)
    .ARM.Collect$$libshutdown$$00000010      0x08000166   Section        2  libshutdown2.o(.ARM.Collect$$libshutdown$$00000010)
    .ARM.Collect$$rtentry$$00000000          0x08000168   Section        0  __rtentry.o(.ARM.Collect$$rtentry$$00000000)
    .ARM.Collect$$rtentry$$00000002          0x08000168   Section        0  __rtentry2.o(.ARM.Collect$$rtentry$$00000002)
    .ARM.Collect$$rtentry$$00000004          0x08000168   Section        6  __rtentry4.o(.ARM.Collect$$rtentry$$00000004)
    .ARM.Collect$$rtentry$$00000008          0x0800016e   Section        8  __rtentry2.o(.ARM.Collect$$rtentry$$00000008)
    .ARM.Collect$$rtentry$$0000000A          0x08000176   Section        4  __rtentry2.o(.ARM.Collect$$rtentry$$0000000A)
    .ARM.Collect$$rtentry$$0000000C          0x0800017a   Section        0  __rtentry2.o(.ARM.Collect$$rtentry$$0000000C)
    .ARM.Collect$$rtentry$$0000000D          0x0800017a   Section        8  __rtentry2.o(.ARM.Collect$$rtentry$$0000000D)
    .ARM.Collect$$rtexit$$00000000           0x08000182   Section        2  rtexit.o(.ARM.Collect$$rtexit$$00000000)
    .ARM.Collect$$rtexit$$00000002           0x08000184   Section        0  rtexit2.o(.ARM.Collect$$rtexit$$00000002)
    .ARM.Collect$$rtexit$$00000003           0x08000184   Section        4  rtexit2.o(.ARM.Collect$$rtexit$$00000003)
    .ARM.Collect$$rtexit$$00000004           0x08000188   Section        6  rtexit2.o(.ARM.Collect$$rtexit$$00000004)
    .text                                    0x08000190   Section       64  startup_stm32f10x_md.o(.text)
    .text                                    0x080001d0   Section      138  rt_memcpy_v6.o(.text)
    .text                                    0x0800025a   Section        0  heapauxi.o(.text)
    .text                                    0x08000260   Section      100  rt_memcpy_w.o(.text)
    .text                                    0x080002c4   Section       74  sys_stackheap_outer.o(.text)
    .text                                    0x0800030e   Section        0  exit.o(.text)
    .text                                    0x08000320   Section        8  libspace.o(.text)
    .text                                    0x08000328   Section        0  sys_exit.o(.text)
    .text                                    0x08000334   Section        2  use_no_semi.o(.text)
    .text                                    0x08000336   Section        0  indicate_semi.o(.text)
    [Anonymous Symbol]                       0x08000338   Section        0  adc.o(.text.ADC_ClockConfig)
    [Anonymous Symbol]                       0x080003b4   Section        0  adc.o(.text.ADC_Config)
    [Anonymous Symbol]                       0x080003fc   Section        0  adc.o(.text.ADC_GetValue)
    [Anonymous Symbol]                       0x08000408   Section        0  adc.o(.text.ADC_Start)
    [Anonymous Symbol]                       0x08000438   Section        0  gpio.o(.text.GPIO_ClockEnable)
    [Anonymous Symbol]                       0x08000474   Section        0  gpio.o(.text.GPIO_Init)
    [Anonymous Symbol]                       0x080004c0   Section        0  port.o(.text.PendSV_Handler)
    pxCurrentTCBConst                        0x08000500   Number         0  port.o(.text.PendSV_Handler)
    [Anonymous Symbol]                       0x08000510   Section        0  port.o(.text.SVC_Handler)
    pxCurrentTCBConst2                       0x08000530   Number         0  port.o(.text.SVC_Handler)
    SetSysClock                              0x08000535   Thumb Code     8  system_stm32f10x.o(.text.SetSysClock)
    [Anonymous Symbol]                       0x08000534   Section        0  system_stm32f10x.o(.text.SetSysClock)
    SetSysClockTo72                          0x0800053d   Thumb Code   190  system_stm32f10x.o(.text.SetSysClockTo72)
    [Anonymous Symbol]                       0x0800053c   Section        0  system_stm32f10x.o(.text.SetSysClockTo72)
    [Anonymous Symbol]                       0x080005fc   Section        0  cmsis_os2.o(.text.SysTick_Handler)
    [Anonymous Symbol]                       0x08000618   Section        0  system_stm32f10x.o(.text.SystemInit)
    __tagsym$$used.1                         0x08000670   Number         0  clib_os.o(.text._mutex_acquire)
    [Anonymous Symbol]                       0x08000670   Section        0  clib_os.o(.text._mutex_acquire)
    __tagsym$$used.3                         0x08000690   Number         0  clib_os.o(.text._mutex_free)
    [Anonymous Symbol]                       0x08000690   Section        0  clib_os.o(.text._mutex_free)
    __tagsym$$used.0                         0x080006c4   Number         0  clib_os.o(.text._mutex_initialize)
    [Anonymous Symbol]                       0x080006c4   Section        0  clib_os.o(.text._mutex_initialize)
    __tagsym$$used.2                         0x0800071c   Number         0  clib_os.o(.text._mutex_release)
    [Anonymous Symbol]                       0x0800071c   Section        0  clib_os.o(.text._mutex_release)
    [Anonymous Symbol]                       0x08000740   Section        0  clib_os.o(.text._platform_post_stackheap_init)
    [Anonymous Symbol]                       0x08000744   Section        0  oled.o(.text.double_to_string)
    [Anonymous Symbol]                       0x080007e0   Section        0  i2c.o(.text.i2c_add)
    [Anonymous Symbol]                       0x08000828   Section        0  i2c.o(.text.i2c_data)
    [Anonymous Symbol]                       0x08000868   Section        0  i2c.o(.text.i2c_init)
    [Anonymous Symbol]                       0x08000948   Section        0  i2c.o(.text.i2c_start)
    [Anonymous Symbol]                       0x08000968   Section        0  i2c.o(.text.i2c_stop)
    [Anonymous Symbol]                       0x08000980   Section        0  oled.o(.text.int_to_string)
    is_thread_mode                           0x08000a09   Thumb Code    12  clib_os.o(.text.is_thread_mode)
    [Anonymous Symbol]                       0x08000a08   Section        0  clib_os.o(.text.is_thread_mode)
    [Anonymous Symbol]                       0x08000a14   Section        0  main.o(.text.main)
    [Anonymous Symbol]                       0x08000abc   Section        0  oled.o(.text.oled_clear)
    [Anonymous Symbol]                       0x08000af0   Section        0  oled.o(.text.oled_cmd_1byte)
    [Anonymous Symbol]                       0x08000b1c   Section        0  oled.o(.text.oled_cmd_2byte)
    [Anonymous Symbol]                       0x08000b50   Section        0  oled.o(.text.oled_data)
    [Anonymous Symbol]                       0x08000b7c   Section        0  oled.o(.text.oled_init)
    [Anonymous Symbol]                       0x08000c38   Section        0  oled.o(.text.oled_init_64)
    [Anonymous Symbol]                       0x08000c74   Section        0  oled.o(.text.oled_msg)
    [Anonymous Symbol]                       0x08000cc4   Section        0  oled.o(.text.oled_pos)
    [Anonymous Symbol]                       0x08000cf0   Section        0  oled.o(.text.oled_print)
    os_kernel_is_active                      0x08000d55   Thumb Code    16  clib_os.o(.text.os_kernel_is_active)
    [Anonymous Symbol]                       0x08000d54   Section        0  clib_os.o(.text.os_kernel_is_active)
    prvAddCurrentTaskToDelayedList           0x08000d65   Thumb Code   178  tasks.o(.text.prvAddCurrentTaskToDelayedList)
    [Anonymous Symbol]                       0x08000d64   Section        0  tasks.o(.text.prvAddCurrentTaskToDelayedList)
    prvCopyDataToQueue                       0x08000e19   Thumb Code   122  queue.o(.text.prvCopyDataToQueue)
    [Anonymous Symbol]                       0x08000e18   Section        0  queue.o(.text.prvCopyDataToQueue)
    prvGetDisinheritPriorityAfterTimeout     0x08000e95   Thumb Code    18  queue.o(.text.prvGetDisinheritPriorityAfterTimeout)
    [Anonymous Symbol]                       0x08000e94   Section        0  queue.o(.text.prvGetDisinheritPriorityAfterTimeout)
    prvHeapInit                              0x08000ea9   Thumb Code   106  heap_4.o(.text.prvHeapInit)
    [Anonymous Symbol]                       0x08000ea8   Section        0  heap_4.o(.text.prvHeapInit)
    prvInitialiseMutex                       0x08000f15   Thumb Code    32  queue.o(.text.prvInitialiseMutex)
    [Anonymous Symbol]                       0x08000f14   Section        0  queue.o(.text.prvInitialiseMutex)
    prvInitialiseNewQueue                    0x08000f35   Thumb Code    32  queue.o(.text.prvInitialiseNewQueue)
    [Anonymous Symbol]                       0x08000f34   Section        0  queue.o(.text.prvInitialiseNewQueue)
    prvInsertBlockIntoFreeList               0x08000f55   Thumb Code    98  heap_4.o(.text.prvInsertBlockIntoFreeList)
    [Anonymous Symbol]                       0x08000f54   Section        0  heap_4.o(.text.prvInsertBlockIntoFreeList)
    prvIsQueueEmpty                          0x08000fb9   Thumb Code    24  queue.o(.text.prvIsQueueEmpty)
    [Anonymous Symbol]                       0x08000fb8   Section        0  queue.o(.text.prvIsQueueEmpty)
    prvIsQueueFull                           0x08000fd1   Thumb Code    28  queue.o(.text.prvIsQueueFull)
    [Anonymous Symbol]                       0x08000fd0   Section        0  queue.o(.text.prvIsQueueFull)
    prvResetNextTaskUnblockTime              0x08000fed   Thumb Code    38  tasks.o(.text.prvResetNextTaskUnblockTime)
    [Anonymous Symbol]                       0x08000fec   Section        0  tasks.o(.text.prvResetNextTaskUnblockTime)
    prvUnlockQueue                           0x08001015   Thumb Code   114  queue.o(.text.prvUnlockQueue)
    [Anonymous Symbol]                       0x08001014   Section        0  queue.o(.text.prvUnlockQueue)
    [Anonymous Symbol]                       0x08001088   Section        0  heap_4.o(.text.pvPortMalloc)
    [Anonymous Symbol]                       0x08001180   Section        0  tasks.o(.text.pvTaskIncrementMutexHeldCount)
    [Anonymous Symbol]                       0x08001198   Section        0  list.o(.text.uxListRemove)
    [Anonymous Symbol]                       0x080011c0   Section        0  cmsis_os2.o(.text.vApplicationStackOverflowHook)
    [Anonymous Symbol]                       0x080011c4   Section        0  list.o(.text.vListInitialise)
    [Anonymous Symbol]                       0x080011dc   Section        0  list.o(.text.vListInsert)
    [Anonymous Symbol]                       0x08001218   Section        0  port.o(.text.vPortEnterCritical)
    [Anonymous Symbol]                       0x08001238   Section        0  port.o(.text.vPortExitCritical)
    [Anonymous Symbol]                       0x08001254   Section        0  heap_4.o(.text.vPortFree)
    [Anonymous Symbol]                       0x080012ac   Section        0  queue.o(.text.vQueueDelete)
    [Anonymous Symbol]                       0x080012bc   Section        0  tasks.o(.text.vTaskInternalSetTimeOutState)
    [Anonymous Symbol]                       0x080012d8   Section        0  tasks.o(.text.vTaskMissedYield)
    [Anonymous Symbol]                       0x080012e8   Section        0  tasks.o(.text.vTaskPlaceOnEventList)
    [Anonymous Symbol]                       0x08001308   Section        0  tasks.o(.text.vTaskPriorityDisinheritAfterTimeout)
    [Anonymous Symbol]                       0x08001388   Section        0  tasks.o(.text.vTaskSuspendAll)
    __tagsym$$used.0                         0x08001398   Number         0  tasks.o(.text.vTaskSwitchContext)
    [Anonymous Symbol]                       0x08001398   Section        0  tasks.o(.text.vTaskSwitchContext)
    [Anonymous Symbol]                       0x08001444   Section        0  port.o(.text.xPortSysTickHandler)
    [Anonymous Symbol]                       0x08001474   Section        0  queue.o(.text.xQueueCreateMutex)
    [Anonymous Symbol]                       0x0800148c   Section        0  queue.o(.text.xQueueCreateMutexStatic)
    [Anonymous Symbol]                       0x080014b0   Section        0  queue.o(.text.xQueueGenericCreate)
    [Anonymous Symbol]                       0x080014fc   Section        0  queue.o(.text.xQueueGenericCreateStatic)
    [Anonymous Symbol]                       0x08001538   Section        0  queue.o(.text.xQueueGenericReset)
    [Anonymous Symbol]                       0x080015b8   Section        0  queue.o(.text.xQueueGenericSend)
    [Anonymous Symbol]                       0x080016f0   Section        0  queue.o(.text.xQueueSemaphoreTake)
    [Anonymous Symbol]                       0x08001854   Section        0  tasks.o(.text.xTaskCheckForTimeOut)
    [Anonymous Symbol]                       0x080018d0   Section        0  tasks.o(.text.xTaskGetSchedulerState)
    [Anonymous Symbol]                       0x080018f8   Section        0  tasks.o(.text.xTaskIncrementTick)
    [Anonymous Symbol]                       0x08001a8c   Section        0  tasks.o(.text.xTaskPriorityDisinherit)
    [Anonymous Symbol]                       0x08001afc   Section        0  tasks.o(.text.xTaskPriorityInherit)
    [Anonymous Symbol]                       0x08001ba4   Section        0  tasks.o(.text.xTaskRemoveFromEventList)
    [Anonymous Symbol]                       0x08001c84   Section        0  tasks.o(.text.xTaskResumeAll)
    x$fpl$dadd                               0x08001de0   Section      336  daddsub_clz.o(x$fpl$dadd)
    _dadd1                                   0x08001df1   Thumb Code     0  daddsub_clz.o(x$fpl$dadd)
    x$fpl$dfix                               0x08001f30   Section       94  dfix.o(x$fpl$dfix)
    x$fpl$dflt                               0x08001f8e   Section       46  dflt_clz.o(x$fpl$dflt)
    x$fpl$dmul                               0x08001fbc   Section      340  dmul.o(x$fpl$dmul)
    x$fpl$dnaninf                            0x08002110   Section      156  dnaninf.o(x$fpl$dnaninf)
    x$fpl$dretinf                            0x080021ac   Section       12  dretinf.o(x$fpl$dretinf)
    x$fpl$dsub                               0x080021b8   Section      468  daddsub_clz.o(x$fpl$dsub)
    _dsub1                                   0x080021c9   Thumb Code     0  daddsub_clz.o(x$fpl$dsub)
    ASCII                                    0x0800238c   Data         480  oled.o(.rodata.ASCII)
    [Anonymous Symbol]                       0x0800238c   Section        0  oled.o(.rodata.ASCII)
    x$fpl$usenofp                            0x0800238c   Section        0  usenofp.o(x$fpl$usenofp)
    uxCriticalNesting                        0x20000000   Data           4  port.o(.data.uxCriticalNesting)
    [Anonymous Symbol]                       0x20000000   Section        0  port.o(.data.uxCriticalNesting)
    .bss                                     0x20000008   Section       96  libspace.o(.bss)
    clib_mutex_cb                            0x20000068   Data         400  clib_os.o(.bss.clib_mutex_cb)
    [Anonymous Symbol]                       0x20000068   Section        0  clib_os.o(.bss.clib_mutex_cb)
    clib_mutex_id                            0x200001f8   Data          20  clib_os.o(.bss.clib_mutex_id)
    [Anonymous Symbol]                       0x200001f8   Section        0  clib_os.o(.bss.clib_mutex_id)
    __tagsym$$used.1                         0x2000020c   Number         0  tasks.o(.bss.pxCurrentTCB)
    pxDelayedTaskList                        0x20000210   Data           4  tasks.o(.bss.pxDelayedTaskList)
    [Anonymous Symbol]                       0x20000210   Section        0  tasks.o(.bss.pxDelayedTaskList)
    pxEnd                                    0x20000214   Data           4  heap_4.o(.bss.pxEnd)
    [Anonymous Symbol]                       0x20000214   Section        0  heap_4.o(.bss.pxEnd)
    pxOverflowDelayedTaskList                0x20000218   Data           4  tasks.o(.bss.pxOverflowDelayedTaskList)
    [Anonymous Symbol]                       0x20000218   Section        0  tasks.o(.bss.pxOverflowDelayedTaskList)
    pxReadyTasksLists                        0x2000021c   Data        1120  tasks.o(.bss.pxReadyTasksLists)
    [Anonymous Symbol]                       0x2000021c   Section        0  tasks.o(.bss.pxReadyTasksLists)
    ucHeap                                   0x2000067c   Data        8192  heap_4.o(.bss.ucHeap)
    [Anonymous Symbol]                       0x2000067c   Section        0  heap_4.o(.bss.ucHeap)
    uxCurrentNumberOfTasks                   0x2000267c   Data           4  tasks.o(.bss.uxCurrentNumberOfTasks)
    [Anonymous Symbol]                       0x2000267c   Section        0  tasks.o(.bss.uxCurrentNumberOfTasks)
    uxSchedulerSuspended                     0x20002680   Data           4  tasks.o(.bss.uxSchedulerSuspended)
    [Anonymous Symbol]                       0x20002680   Section        0  tasks.o(.bss.uxSchedulerSuspended)
    uxTopReadyPriority                       0x20002684   Data           4  tasks.o(.bss.uxTopReadyPriority)
    [Anonymous Symbol]                       0x20002684   Section        0  tasks.o(.bss.uxTopReadyPriority)
    value                                    0x20002688   Data           4  main.o(.bss.value)
    [Anonymous Symbol]                       0x20002688   Section        0  main.o(.bss.value)
    xFreeBytesRemaining                      0x2000268c   Data           4  heap_4.o(.bss.xFreeBytesRemaining)
    [Anonymous Symbol]                       0x2000268c   Section        0  heap_4.o(.bss.xFreeBytesRemaining)
    xMinimumEverFreeBytesRemaining           0x20002690   Data           4  heap_4.o(.bss.xMinimumEverFreeBytesRemaining)
    [Anonymous Symbol]                       0x20002690   Section        0  heap_4.o(.bss.xMinimumEverFreeBytesRemaining)
    xNextTaskUnblockTime                     0x20002694   Data           4  tasks.o(.bss.xNextTaskUnblockTime)
    [Anonymous Symbol]                       0x20002694   Section        0  tasks.o(.bss.xNextTaskUnblockTime)
    xNumOfOverflows                          0x20002698   Data           4  tasks.o(.bss.xNumOfOverflows)
    [Anonymous Symbol]                       0x20002698   Section        0  tasks.o(.bss.xNumOfOverflows)
    xNumberOfSuccessfulAllocations           0x2000269c   Data           4  heap_4.o(.bss.xNumberOfSuccessfulAllocations)
    [Anonymous Symbol]                       0x2000269c   Section        0  heap_4.o(.bss.xNumberOfSuccessfulAllocations)
    xNumberOfSuccessfulFrees                 0x200026a0   Data           4  heap_4.o(.bss.xNumberOfSuccessfulFrees)
    [Anonymous Symbol]                       0x200026a0   Section        0  heap_4.o(.bss.xNumberOfSuccessfulFrees)
    xPendedTicks                             0x200026a4   Data           4  tasks.o(.bss.xPendedTicks)
    [Anonymous Symbol]                       0x200026a4   Section        0  tasks.o(.bss.xPendedTicks)
    xPendingReadyList                        0x200026a8   Data          20  tasks.o(.bss.xPendingReadyList)
    [Anonymous Symbol]                       0x200026a8   Section        0  tasks.o(.bss.xPendingReadyList)
    xSchedulerRunning                        0x200026bc   Data           4  tasks.o(.bss.xSchedulerRunning)
    [Anonymous Symbol]                       0x200026bc   Section        0  tasks.o(.bss.xSchedulerRunning)
    xStart                                   0x200026c0   Data           8  heap_4.o(.bss.xStart)
    [Anonymous Symbol]                       0x200026c0   Section        0  heap_4.o(.bss.xStart)
    xSuspendedTaskList                       0x200026c8   Data          20  tasks.o(.bss.xSuspendedTaskList)
    [Anonymous Symbol]                       0x200026c8   Section        0  tasks.o(.bss.xSuspendedTaskList)
    xTickCount                               0x200026dc   Data           4  tasks.o(.bss.xTickCount)
    [Anonymous Symbol]                       0x200026dc   Section        0  tasks.o(.bss.xTickCount)
    xYieldPendings                           0x200026e0   Data           4  tasks.o(.bss.xYieldPendings)
    [Anonymous Symbol]                       0x200026e0   Section        0  tasks.o(.bss.xYieldPendings)
    Heap_Mem                                 0x200026e8   Data         512  startup_stm32f10x_md.o(HEAP)
    HEAP                                     0x200026e8   Section      512  startup_stm32f10x_md.o(HEAP)
    Stack_Mem                                0x200028e8   Data        1024  startup_stm32f10x_md.o(STACK)
    STACK                                    0x200028e8   Section     1024  startup_stm32f10x_md.o(STACK)
    __initial_sp                             0x20002ce8   Data           0  startup_stm32f10x_md.o(STACK)

    Global Symbols

    Symbol Name                              Value     Ov Type        Size  Object(Section)

    BuildAttributes$$THM_ISAv4$P$D$K$B$S$PE$A:L22UL41UL21$X:L11$S22US41US21$IEEE1$IW$~IW$USESV6$~STKCKD$USESV7$~SHL$OTIME$ROPI$EBA8$UX$STANDARDLIB$REQ8$PRES8$EABIv2 0x00000000   Number         0  anon$$obj.o ABSOLUTE
    __fp_init_empty                          0x00000000   Number         0  fpinit_empty.o ABSOLUTE
    __ARM_exceptions_init                     - Undefined Weak Reference
    __alloca_initialize                       - Undefined Weak Reference
    __arm_preinit_                            - Undefined Weak Reference
    __cpp_initialize__aeabi_                  - Undefined Weak Reference
    __cxa_finalize                            - Undefined Weak Reference
    __rt_locale                               - Undefined Weak Reference
    __sigvec_lookup                           - Undefined Weak Reference
    _atexit_init                              - Undefined Weak Reference
    _call_atexit_fns                          - Undefined Weak Reference
    _clock_init                               - Undefined Weak Reference
    _fp_trap_init                             - Undefined Weak Reference
    _fp_trap_shutdown                         - Undefined Weak Reference
    _get_lc_collate                           - Undefined Weak Reference
    _get_lc_ctype                             - Undefined Weak Reference
    _get_lc_monetary                          - Undefined Weak Reference
    _get_lc_numeric                           - Undefined Weak Reference
    _get_lc_time                              - Undefined Weak Reference
    _getenv_init                              - Undefined Weak Reference
    _handle_redirection                       - Undefined Weak Reference
    _init_alloc                               - Undefined Weak Reference
    _init_user_alloc                          - Undefined Weak Reference
    _initio                                   - Undefined Weak Reference
    _rand_init                                - Undefined Weak Reference
    _signal_finish                            - Undefined Weak Reference
    _signal_init                              - Undefined Weak Reference
    _terminate_alloc                          - Undefined Weak Reference
    _terminate_user_alloc                     - Undefined Weak Reference
    _terminateio                              - Undefined Weak Reference
    __Vectors_Size                           0x000000ec   Number         0  startup_stm32f10x_md.o ABSOLUTE
    __Vectors                                0x08000000   Data           4  startup_stm32f10x_md.o(RESET)
    __Vectors_End                            0x080000ec   Data           0  startup_stm32f10x_md.o(RESET)
    __main                                   0x080000ed   Thumb Code     8  __main.o(!!!main)
    __scatterload                            0x080000f5   Thumb Code     0  __scatter.o(!!!scatter)
    __scatterload_rt2                        0x080000f5   Thumb Code    44  __scatter.o(!!!scatter)
    __scatterload_rt2_thumb_only             0x080000f5   Thumb Code     0  __scatter.o(!!!scatter)
    __scatterload_null                       0x08000103   Thumb Code     0  __scatter.o(!!!scatter)
    __scatterload_copy                       0x08000129   Thumb Code    26  __scatter_copy.o(!!handler_copy)
    __scatterload_zeroinit                   0x08000145   Thumb Code    28  __scatter_zi.o(!!handler_zi)
    __rt_lib_init                            0x08000161   Thumb Code     0  libinit.o(.ARM.Collect$$libinit$$00000000)
    __rt_lib_init_alloca_1                   0x08000163   Thumb Code     0  libinit2.o(.ARM.Collect$$libinit$$0000002E)
    __rt_lib_init_argv_1                     0x08000163   Thumb Code     0  libinit2.o(.ARM.Collect$$libinit$$0000002C)
    __rt_lib_init_atexit_1                   0x08000163   Thumb Code     0  libinit2.o(.ARM.Collect$$libinit$$0000001B)
    __rt_lib_init_clock_1                    0x08000163   Thumb Code     0  libinit2.o(.ARM.Collect$$libinit$$00000021)
    __rt_lib_init_cpp_1                      0x08000163   Thumb Code     0  libinit2.o(.ARM.Collect$$libinit$$00000032)
    __rt_lib_init_exceptions_1               0x08000163   Thumb Code     0  libinit2.o(.ARM.Collect$$libinit$$00000030)
    __rt_lib_init_fp_1                       0x08000163   Thumb Code     0  libinit2.o(.ARM.Collect$$libinit$$00000002)
    __rt_lib_init_fp_trap_1                  0x08000163   Thumb Code     0  libinit2.o(.ARM.Collect$$libinit$$0000001F)
    __rt_lib_init_getenv_1                   0x08000163   Thumb Code     0  libinit2.o(.ARM.Collect$$libinit$$00000023)
    __rt_lib_init_heap_1                     0x08000163   Thumb Code     0  libinit2.o(.ARM.Collect$$libinit$$0000000A)
    __rt_lib_init_lc_collate_1               0x08000163   Thumb Code     0  libinit2.o(.ARM.Collect$$libinit$$00000011)
    __rt_lib_init_lc_ctype_1                 0x08000163   Thumb Code     0  libinit2.o(.ARM.Collect$$libinit$$00000013)
    __rt_lib_init_lc_monetary_1              0x08000163   Thumb Code     0  libinit2.o(.ARM.Collect$$libinit$$00000015)
    __rt_lib_init_lc_numeric_1               0x08000163   Thumb Code     0  libinit2.o(.ARM.Collect$$libinit$$00000017)
    __rt_lib_init_lc_time_1                  0x08000163   Thumb Code     0  libinit2.o(.ARM.Collect$$libinit$$00000019)
    __rt_lib_init_preinit_1                  0x08000163   Thumb Code     0  libinit2.o(.ARM.Collect$$libinit$$00000004)
    __rt_lib_init_rand_1                     0x08000163   Thumb Code     0  libinit2.o(.ARM.Collect$$libinit$$0000000E)
    __rt_lib_init_return                     0x08000163   Thumb Code     0  libinit2.o(.ARM.Collect$$libinit$$00000033)
    __rt_lib_init_signal_1                   0x08000163   Thumb Code     0  libinit2.o(.ARM.Collect$$libinit$$0000001D)
    __rt_lib_init_stdio_1                    0x08000163   Thumb Code     0  libinit2.o(.ARM.Collect$$libinit$$00000025)
    __rt_lib_init_user_alloc_1               0x08000163   Thumb Code     0  libinit2.o(.ARM.Collect$$libinit$$0000000C)
    __rt_lib_shutdown                        0x08000165   Thumb Code     0  libshutdown.o(.ARM.Collect$$libshutdown$$00000000)
    __rt_lib_shutdown_cpp_1                  0x08000167   Thumb Code     0  libshutdown2.o(.ARM.Collect$$libshutdown$$00000002)
    __rt_lib_shutdown_fp_trap_1              0x08000167   Thumb Code     0  libshutdown2.o(.ARM.Collect$$libshutdown$$00000007)
    __rt_lib_shutdown_heap_1                 0x08000167   Thumb Code     0  libshutdown2.o(.ARM.Collect$$libshutdown$$0000000F)
    __rt_lib_shutdown_return                 0x08000167   Thumb Code     0  libshutdown2.o(.ARM.Collect$$libshutdown$$00000010)
    __rt_lib_shutdown_signal_1               0x08000167   Thumb Code     0  libshutdown2.o(.ARM.Collect$$libshutdown$$0000000A)
    __rt_lib_shutdown_stdio_1                0x08000167   Thumb Code     0  libshutdown2.o(.ARM.Collect$$libshutdown$$00000004)
    __rt_lib_shutdown_user_alloc_1           0x08000167   Thumb Code     0  libshutdown2.o(.ARM.Collect$$libshutdown$$0000000C)
    __rt_entry                               0x08000169   Thumb Code     0  __rtentry.o(.ARM.Collect$$rtentry$$00000000)
    __rt_entry_presh_1                       0x08000169   Thumb Code     0  __rtentry2.o(.ARM.Collect$$rtentry$$00000002)
    __rt_entry_sh                            0x08000169   Thumb Code     0  __rtentry4.o(.ARM.Collect$$rtentry$$00000004)
    __rt_entry_postsh_1                      0x0800016f   Thumb Code     0  __rtentry2.o(.ARM.Collect$$rtentry$$00000008)
    __rt_entry_li                            0x08000177   Thumb Code     0  __rtentry2.o(.ARM.Collect$$rtentry$$0000000A)
    __rt_entry_main                          0x0800017b   Thumb Code     0  __rtentry2.o(.ARM.Collect$$rtentry$$0000000D)
    __rt_entry_postli_1                      0x0800017b   Thumb Code     0  __rtentry2.o(.ARM.Collect$$rtentry$$0000000C)
    __rt_exit                                0x08000183   Thumb Code     0  rtexit.o(.ARM.Collect$$rtexit$$00000000)
    __rt_exit_ls                             0x08000185   Thumb Code     0  rtexit2.o(.ARM.Collect$$rtexit$$00000003)
    __rt_exit_prels_1                        0x08000185   Thumb Code     0  rtexit2.o(.ARM.Collect$$rtexit$$00000002)
    __rt_exit_exit                           0x08000189   Thumb Code     0  rtexit2.o(.ARM.Collect$$rtexit$$00000004)
    Reset_Handler                            0x08000191   Thumb Code     8  startup_stm32f10x_md.o(.text)
    NMI_Handler                              0x08000199   Thumb Code     2  startup_stm32f10x_md.o(.text)
    HardFault_Handler                        0x0800019b   Thumb Code     2  startup_stm32f10x_md.o(.text)
    MemManage_Handler                        0x0800019d   Thumb Code     2  startup_stm32f10x_md.o(.text)
    BusFault_Handler                         0x0800019f   Thumb Code     2  startup_stm32f10x_md.o(.text)
    UsageFault_Handler                       0x080001a1   Thumb Code     2  startup_stm32f10x_md.o(.text)
    DebugMon_Handler                         0x080001a5   Thumb Code     2  startup_stm32f10x_md.o(.text)
    ADC1_2_IRQHandler                        0x080001ab   Thumb Code     0  startup_stm32f10x_md.o(.text)
    CAN1_RX1_IRQHandler                      0x080001ab   Thumb Code     0  startup_stm32f10x_md.o(.text)
    CAN1_SCE_IRQHandler                      0x080001ab   Thumb Code     0  startup_stm32f10x_md.o(.text)
    DMA1_Channel1_IRQHandler                 0x080001ab   Thumb Code     0  startup_stm32f10x_md.o(.text)
    DMA1_Channel2_IRQHandler                 0x080001ab   Thumb Code     0  startup_stm32f10x_md.o(.text)
    DMA1_Channel3_IRQHandler                 0x080001ab   Thumb Code     0  startup_stm32f10x_md.o(.text)
    DMA1_Channel4_IRQHandler                 0x080001ab   Thumb Code     0  startup_stm32f10x_md.o(.text)
    DMA1_Channel5_IRQHandler                 0x080001ab   Thumb Code     0  startup_stm32f10x_md.o(.text)
    DMA1_Channel6_IRQHandler                 0x080001ab   Thumb Code     0  startup_stm32f10x_md.o(.text)
    DMA1_Channel7_IRQHandler                 0x080001ab   Thumb Code     0  startup_stm32f10x_md.o(.text)
    EXTI0_IRQHandler                         0x080001ab   Thumb Code     0  startup_stm32f10x_md.o(.text)
    EXTI15_10_IRQHandler                     0x080001ab   Thumb Code     0  startup_stm32f10x_md.o(.text)
    EXTI1_IRQHandler                         0x080001ab   Thumb Code     0  startup_stm32f10x_md.o(.text)
    EXTI2_IRQHandler                         0x080001ab   Thumb Code     0  startup_stm32f10x_md.o(.text)
    EXTI3_IRQHandler                         0x080001ab   Thumb Code     0  startup_stm32f10x_md.o(.text)
    EXTI4_IRQHandler                         0x080001ab   Thumb Code     0  startup_stm32f10x_md.o(.text)
    EXTI9_5_IRQHandler                       0x080001ab   Thumb Code     0  startup_stm32f10x_md.o(.text)
    FLASH_IRQHandler                         0x080001ab   Thumb Code     0  startup_stm32f10x_md.o(.text)
    I2C1_ER_IRQHandler                       0x080001ab   Thumb Code     0  startup_stm32f10x_md.o(.text)
    I2C1_EV_IRQHandler                       0x080001ab   Thumb Code     0  startup_stm32f10x_md.o(.text)
    I2C2_ER_IRQHandler                       0x080001ab   Thumb Code     0  startup_stm32f10x_md.o(.text)
    I2C2_EV_IRQHandler                       0x080001ab   Thumb Code     0  startup_stm32f10x_md.o(.text)
    PVD_IRQHandler                           0x080001ab   Thumb Code     0  startup_stm32f10x_md.o(.text)
    RCC_IRQHandler                           0x080001ab   Thumb Code     0  startup_stm32f10x_md.o(.text)
    RTCAlarm_IRQHandler                      0x080001ab   Thumb Code     0  startup_stm32f10x_md.o(.text)
    RTC_IRQHandler                           0x080001ab   Thumb Code     0  startup_stm32f10x_md.o(.text)
    SPI1_IRQHandler                          0x080001ab   Thumb Code     0  startup_stm32f10x_md.o(.text)
    SPI2_IRQHandler                          0x080001ab   Thumb Code     0  startup_stm32f10x_md.o(.text)
    TAMPER_IRQHandler                        0x080001ab   Thumb Code     0  startup_stm32f10x_md.o(.text)
    TIM1_BRK_IRQHandler                      0x080001ab   Thumb Code     0  startup_stm32f10x_md.o(.text)
    TIM1_CC_IRQHandler                       0x080001ab   Thumb Code     0  startup_stm32f10x_md.o(.text)
    TIM1_TRG_COM_IRQHandler                  0x080001ab   Thumb Code     0  startup_stm32f10x_md.o(.text)
    TIM1_UP_IRQHandler                       0x080001ab   Thumb Code     0  startup_stm32f10x_md.o(.text)
    TIM2_IRQHandler                          0x080001ab   Thumb Code     0  startup_stm32f10x_md.o(.text)
    TIM3_IRQHandler                          0x080001ab   Thumb Code     0  startup_stm32f10x_md.o(.text)
    TIM4_IRQHandler                          0x080001ab   Thumb Code     0  startup_stm32f10x_md.o(.text)
    USART1_IRQHandler                        0x080001ab   Thumb Code     0  startup_stm32f10x_md.o(.text)
    USART2_IRQHandler                        0x080001ab   Thumb Code     0  startup_stm32f10x_md.o(.text)
    USART3_IRQHandler                        0x080001ab   Thumb Code     0  startup_stm32f10x_md.o(.text)
    USBWakeUp_IRQHandler                     0x080001ab   Thumb Code     0  startup_stm32f10x_md.o(.text)
    USB_HP_CAN1_TX_IRQHandler                0x080001ab   Thumb Code     0  startup_stm32f10x_md.o(.text)
    USB_LP_CAN1_RX0_IRQHandler               0x080001ab   Thumb Code     0  startup_stm32f10x_md.o(.text)
    WWDG_IRQHandler                          0x080001ab   Thumb Code     0  startup_stm32f10x_md.o(.text)
    __user_initial_stackheap                 0x080001ad   Thumb Code     0  startup_stm32f10x_md.o(.text)
    __aeabi_memcpy                           0x080001d1   Thumb Code     0  rt_memcpy_v6.o(.text)
    __rt_memcpy                              0x080001d1   Thumb Code   138  rt_memcpy_v6.o(.text)
    _memcpy_lastbytes                        0x08000237   Thumb Code     0  rt_memcpy_v6.o(.text)
    __use_two_region_memory                  0x0800025b   Thumb Code     2  heapauxi.o(.text)
    __rt_heap_escrow$2region                 0x0800025d   Thumb Code     2  heapauxi.o(.text)
    __rt_heap_expand$2region                 0x0800025f   Thumb Code     2  heapauxi.o(.text)
    __aeabi_memcpy4                          0x08000261   Thumb Code     0  rt_memcpy_w.o(.text)
    __aeabi_memcpy8                          0x08000261   Thumb Code     0  rt_memcpy_w.o(.text)
    __rt_memcpy_w                            0x08000261   Thumb Code   100  rt_memcpy_w.o(.text)
    _memcpy_lastbytes_aligned                0x080002a9   Thumb Code     0  rt_memcpy_w.o(.text)
    __user_setup_stackheap                   0x080002c5   Thumb Code    74  sys_stackheap_outer.o(.text)
    exit                                     0x0800030f   Thumb Code    18  exit.o(.text)
    __user_libspace                          0x08000321   Thumb Code     8  libspace.o(.text)
    __user_perproc_libspace                  0x08000321   Thumb Code     0  libspace.o(.text)
    _sys_exit                                0x08000329   Thumb Code     8  sys_exit.o(.text)
    __I$use$semihosting                      0x08000335   Thumb Code     0  use_no_semi.o(.text)
    __use_no_semihosting_swi                 0x08000335   Thumb Code     2  use_no_semi.o(.text)
    __semihosting_library_function           0x08000337   Thumb Code     0  indicate_semi.o(.text)
    ADC_ClockConfig                          0x08000339   Thumb Code   122  adc.o(.text.ADC_ClockConfig)
    ADC_Config                               0x080003b5   Thumb Code    72  adc.o(.text.ADC_Config)
    ADC_GetValue                             0x080003fd   Thumb Code    10  adc.o(.text.ADC_GetValue)
    ADC_Start                                0x08000409   Thumb Code    46  adc.o(.text.ADC_Start)
    GPIO_ClockEnable                         0x08000439   Thumb Code    60  gpio.o(.text.GPIO_ClockEnable)
    GPIO_Init                                0x08000475   Thumb Code    70  gpio.o(.text.GPIO_Init)
    PendSV_Handler                           0x080004c1   Thumb Code    68  port.o(.text.PendSV_Handler)
    SVC_Handler                              0x08000511   Thumb Code    36  port.o(.text.SVC_Handler)
    SysTick_Handler                          0x080005fd   Thumb Code    26  cmsis_os2.o(.text.SysTick_Handler)
    SystemInit                               0x08000619   Thumb Code    86  system_stm32f10x.o(.text.SystemInit)
    _mutex_acquire                           0x08000671   Thumb Code    32  clib_os.o(.text._mutex_acquire)
    _mutex_free                              0x08000691   Thumb Code    50  clib_os.o(.text._mutex_free)
    _mutex_initialize                        0x080006c5   Thumb Code    88  clib_os.o(.text._mutex_initialize)
    _mutex_release                           0x0800071d   Thumb Code    34  clib_os.o(.text._mutex_release)
    _platform_post_stackheap_init            0x08000741   Thumb Code     2  clib_os.o(.text._platform_post_stackheap_init)
    double_to_string                         0x08000745   Thumb Code   154  oled.o(.text.double_to_string)
    i2c_add                                  0x080007e1   Thumb Code    70  i2c.o(.text.i2c_add)
    i2c_data                                 0x08000829   Thumb Code    64  i2c.o(.text.i2c_data)
    i2c_init                                 0x08000869   Thumb Code   222  i2c.o(.text.i2c_init)
    i2c_start                                0x08000949   Thumb Code    30  i2c.o(.text.i2c_start)
    i2c_stop                                 0x08000969   Thumb Code    22  i2c.o(.text.i2c_stop)
    int_to_string                            0x08000981   Thumb Code   134  oled.o(.text.int_to_string)
    main                                     0x08000a15   Thumb Code   168  main.o(.text.main)
    oled_clear                               0x08000abd   Thumb Code    50  oled.o(.text.oled_clear)
    oled_cmd_1byte                           0x08000af1   Thumb Code    44  oled.o(.text.oled_cmd_1byte)
    oled_cmd_2byte                           0x08000b1d   Thumb Code    52  oled.o(.text.oled_cmd_2byte)
    oled_data                                0x08000b51   Thumb Code    44  oled.o(.text.oled_data)
    oled_init                                0x08000b7d   Thumb Code   186  oled.o(.text.oled_init)
    oled_init_64                             0x08000c39   Thumb Code    60  oled.o(.text.oled_init_64)
    oled_msg                                 0x08000c75   Thumb Code    80  oled.o(.text.oled_msg)
    oled_pos                                 0x08000cc5   Thumb Code    42  oled.o(.text.oled_pos)
    oled_print                               0x08000cf1   Thumb Code   100  oled.o(.text.oled_print)
    pvPortMalloc                             0x08001089   Thumb Code   246  heap_4.o(.text.pvPortMalloc)
    pvTaskIncrementMutexHeldCount            0x08001181   Thumb Code    24  tasks.o(.text.pvTaskIncrementMutexHeldCount)
    uxListRemove                             0x08001199   Thumb Code    38  list.o(.text.uxListRemove)
    vApplicationStackOverflowHook            0x080011c1   Thumb Code     2  cmsis_os2.o(.text.vApplicationStackOverflowHook)
    vListInitialise                          0x080011c5   Thumb Code    22  list.o(.text.vListInitialise)
    vListInsert                              0x080011dd   Thumb Code    58  list.o(.text.vListInsert)
    vPortEnterCritical                       0x08001219   Thumb Code    32  port.o(.text.vPortEnterCritical)
    vPortExitCritical                        0x08001239   Thumb Code    26  port.o(.text.vPortExitCritical)
    vPortFree                                0x08001255   Thumb Code    86  heap_4.o(.text.vPortFree)
    vQueueDelete                             0x080012ad   Thumb Code    16  queue.o(.text.vQueueDelete)
    vTaskInternalSetTimeOutState             0x080012bd   Thumb Code    26  tasks.o(.text.vTaskInternalSetTimeOutState)
    vTaskMissedYield                         0x080012d9   Thumb Code    14  tasks.o(.text.vTaskMissedYield)
    vTaskPlaceOnEventList                    0x080012e9   Thumb Code    30  tasks.o(.text.vTaskPlaceOnEventList)
    vTaskPriorityDisinheritAfterTimeout      0x08001309   Thumb Code   128  tasks.o(.text.vTaskPriorityDisinheritAfterTimeout)
    vTaskSuspendAll                          0x08001389   Thumb Code    16  tasks.o(.text.vTaskSuspendAll)
    vTaskSwitchContext                       0x08001399   Thumb Code   172  tasks.o(.text.vTaskSwitchContext)
    xPortSysTickHandler                      0x08001445   Thumb Code    46  port.o(.text.xPortSysTickHandler)
    xQueueCreateMutex                        0x08001475   Thumb Code    22  queue.o(.text.xQueueCreateMutex)
    xQueueCreateMutexStatic                  0x0800148d   Thumb Code    34  queue.o(.text.xQueueCreateMutexStatic)
    xQueueGenericCreate                      0x080014b1   Thumb Code    76  queue.o(.text.xQueueGenericCreate)
    xQueueGenericCreateStatic                0x080014fd   Thumb Code    58  queue.o(.text.xQueueGenericCreateStatic)
    xQueueGenericReset                       0x08001539   Thumb Code   128  queue.o(.text.xQueueGenericReset)
    xQueueGenericSend                        0x080015b9   Thumb Code   310  queue.o(.text.xQueueGenericSend)
    xQueueSemaphoreTake                      0x080016f1   Thumb Code   354  queue.o(.text.xQueueSemaphoreTake)
    xTaskCheckForTimeOut                     0x08001855   Thumb Code   124  tasks.o(.text.xTaskCheckForTimeOut)
    xTaskGetSchedulerState                   0x080018d1   Thumb Code    38  tasks.o(.text.xTaskGetSchedulerState)
    xTaskIncrementTick                       0x080018f9   Thumb Code   404  tasks.o(.text.xTaskIncrementTick)
    xTaskPriorityDisinherit                  0x08001a8d   Thumb Code   112  tasks.o(.text.xTaskPriorityDisinherit)
    xTaskPriorityInherit                     0x08001afd   Thumb Code   166  tasks.o(.text.xTaskPriorityInherit)
    xTaskRemoveFromEventList                 0x08001ba5   Thumb Code   224  tasks.o(.text.xTaskRemoveFromEventList)
    xTaskResumeAll                           0x08001c85   Thumb Code   348  tasks.o(.text.xTaskResumeAll)
    __aeabi_dadd                             0x08001de1   Thumb Code     0  daddsub_clz.o(x$fpl$dadd)
    _dadd                                    0x08001de1   Thumb Code   332  daddsub_clz.o(x$fpl$dadd)
    __aeabi_d2iz                             0x08001f31   Thumb Code     0  dfix.o(x$fpl$dfix)
    _dfix                                    0x08001f31   Thumb Code    94  dfix.o(x$fpl$dfix)
    __aeabi_i2d                              0x08001f8f   Thumb Code     0  dflt_clz.o(x$fpl$dflt)
    _dflt                                    0x08001f8f   Thumb Code    46  dflt_clz.o(x$fpl$dflt)
    __aeabi_dmul                             0x08001fbd   Thumb Code     0  dmul.o(x$fpl$dmul)
    _dmul                                    0x08001fbd   Thumb Code   332  dmul.o(x$fpl$dmul)
    __fpl_dnaninf                            0x08002111   Thumb Code   156  dnaninf.o(x$fpl$dnaninf)
    __fpl_dretinf                            0x080021ad   Thumb Code    12  dretinf.o(x$fpl$dretinf)
    __aeabi_dsub                             0x080021b9   Thumb Code     0  daddsub_clz.o(x$fpl$dsub)
    _dsub                                    0x080021b9   Thumb Code   464  daddsub_clz.o(x$fpl$dsub)
    __I$use$fp                               0x0800238c   Number         0  usenofp.o(x$fpl$usenofp)
    Region$$Table$$Base                      0x0800256c   Number         0  anon$$obj.o(Region$$Table)
    Region$$Table$$Limit                     0x0800258c   Number         0  anon$$obj.o(Region$$Table)
    __libspace_start                         0x20000008   Data          96  libspace.o(.bss)
    __temporary_stack_top$libspace           0x20000068   Data           0  libspace.o(.bss)
    pxCurrentTCB                             0x2000020c   Data           4  tasks.o(.bss.pxCurrentTCB)



==============================================================================

Memory Map of the image

  Image Entry point : 0x080000ed

  Load Region LR_IROM1 (Base: 0x08000000, Size: 0x00002598, Max: 0x00010000, ABSOLUTE)

    Execution Region ER_IROM1 (Exec base: 0x08000000, Load base: 0x08000000, Size: 0x0000258c, Max: 0x00010000, ABSOLUTE)

    Exec Addr    Load Addr    Size         Type   Attr      Idx    E Section Name        Object

    0x08000000   0x08000000   0x000000ec   Data   RO          336    RESET               startup_stm32f10x_md.o
    0x080000ec   0x080000ec   0x00000008   Code   RO          846  * !!!main             c_w.l(__main.o)
    0x080000f4   0x080000f4   0x00000034   Code   RO         1034    !!!scatter          c_w.l(__scatter.o)
    0x08000128   0x08000128   0x0000001a   Code   RO         1036    !!handler_copy      c_w.l(__scatter_copy.o)
    0x08000142   0x08000142   0x00000002   PAD
    0x08000144   0x08000144   0x0000001c   Code   RO         1038    !!handler_zi        c_w.l(__scatter_zi.o)
    0x08000160   0x08000160   0x00000002   Code   RO          898    .ARM.Collect$$libinit$$00000000  c_w.l(libinit.o)
    0x08000162   0x08000162   0x00000000   Code   RO          905    .ARM.Collect$$libinit$$00000002  c_w.l(libinit2.o)
    0x08000162   0x08000162   0x00000000   Code   RO          907    .ARM.Collect$$libinit$$00000004  c_w.l(libinit2.o)
    0x08000162   0x08000162   0x00000000   Code   RO          910    .ARM.Collect$$libinit$$0000000A  c_w.l(libinit2.o)
    0x08000162   0x08000162   0x00000000   Code   RO          912    .ARM.Collect$$libinit$$0000000C  c_w.l(libinit2.o)
    0x08000162   0x08000162   0x00000000   Code   RO          914    .ARM.Collect$$libinit$$0000000E  c_w.l(libinit2.o)
    0x08000162   0x08000162   0x00000000   Code   RO          917    .ARM.Collect$$libinit$$00000011  c_w.l(libinit2.o)
    0x08000162   0x08000162   0x00000000   Code   RO          919    .ARM.Collect$$libinit$$00000013  c_w.l(libinit2.o)
    0x08000162   0x08000162   0x00000000   Code   RO          921    .ARM.Collect$$libinit$$00000015  c_w.l(libinit2.o)
    0x08000162   0x08000162   0x00000000   Code   RO          923    .ARM.Collect$$libinit$$00000017  c_w.l(libinit2.o)
    0x08000162   0x08000162   0x00000000   Code   RO          925    .ARM.Collect$$libinit$$00000019  c_w.l(libinit2.o)
    0x08000162   0x08000162   0x00000000   Code   RO          927    .ARM.Collect$$libinit$$0000001B  c_w.l(libinit2.o)
    0x08000162   0x08000162   0x00000000   Code   RO          929    .ARM.Collect$$libinit$$0000001D  c_w.l(libinit2.o)
    0x08000162   0x08000162   0x00000000   Code   RO          931    .ARM.Collect$$libinit$$0000001F  c_w.l(libinit2.o)
    0x08000162   0x08000162   0x00000000   Code   RO          933    .ARM.Collect$$libinit$$00000021  c_w.l(libinit2.o)
    0x08000162   0x08000162   0x00000000   Code   RO          935    .ARM.Collect$$libinit$$00000023  c_w.l(libinit2.o)
    0x08000162   0x08000162   0x00000000   Code   RO          937    .ARM.Collect$$libinit$$00000025  c_w.l(libinit2.o)
    0x08000162   0x08000162   0x00000000   Code   RO          941    .ARM.Collect$$libinit$$0000002C  c_w.l(libinit2.o)
    0x08000162   0x08000162   0x00000000   Code   RO          943    .ARM.Collect$$libinit$$0000002E  c_w.l(libinit2.o)
    0x08000162   0x08000162   0x00000000   Code   RO          945    .ARM.Collect$$libinit$$00000030  c_w.l(libinit2.o)
    0x08000162   0x08000162   0x00000000   Code   RO          947    .ARM.Collect$$libinit$$00000032  c_w.l(libinit2.o)
    0x08000162   0x08000162   0x00000002   Code   RO          948    .ARM.Collect$$libinit$$00000033  c_w.l(libinit2.o)
    0x08000164   0x08000164   0x00000002   Code   RO          970    .ARM.Collect$$libshutdown$$00000000  c_w.l(libshutdown.o)
    0x08000166   0x08000166   0x00000000   Code   RO          985    .ARM.Collect$$libshutdown$$00000002  c_w.l(libshutdown2.o)
    0x08000166   0x08000166   0x00000000   Code   RO          987    .ARM.Collect$$libshutdown$$00000004  c_w.l(libshutdown2.o)
    0x08000166   0x08000166   0x00000000   Code   RO          990    .ARM.Collect$$libshutdown$$00000007  c_w.l(libshutdown2.o)
    0x08000166   0x08000166   0x00000000   Code   RO          993    .ARM.Collect$$libshutdown$$0000000A  c_w.l(libshutdown2.o)
    0x08000166   0x08000166   0x00000000   Code   RO          995    .ARM.Collect$$libshutdown$$0000000C  c_w.l(libshutdown2.o)
    0x08000166   0x08000166   0x00000000   Code   RO          998    .ARM.Collect$$libshutdown$$0000000F  c_w.l(libshutdown2.o)
    0x08000166   0x08000166   0x00000002   Code   RO          999    .ARM.Collect$$libshutdown$$00000010  c_w.l(libshutdown2.o)
    0x08000168   0x08000168   0x00000000   Code   RO          866    .ARM.Collect$$rtentry$$00000000  c_w.l(__rtentry.o)
    0x08000168   0x08000168   0x00000000   Code   RO          877    .ARM.Collect$$rtentry$$00000002  c_w.l(__rtentry2.o)
    0x08000168   0x08000168   0x00000006   Code   RO          889    .ARM.Collect$$rtentry$$00000004  c_w.l(__rtentry4.o)
    0x0800016e   0x0800016e   0x00000008   Code   RO          878    .ARM.Collect$$rtentry$$00000008  c_w.l(__rtentry2.o)
    0x08000176   0x08000176   0x00000004   Code   RO          880    .ARM.Collect$$rtentry$$0000000A  c_w.l(__rtentry2.o)
    0x0800017a   0x0800017a   0x00000000   Code   RO          882    .ARM.Collect$$rtentry$$0000000C  c_w.l(__rtentry2.o)
    0x0800017a   0x0800017a   0x00000008   Code   RO          883    .ARM.Collect$$rtentry$$0000000D  c_w.l(__rtentry2.o)
    0x08000182   0x08000182   0x00000002   Code   RO          902    .ARM.Collect$$rtexit$$00000000  c_w.l(rtexit.o)
    0x08000184   0x08000184   0x00000000   Code   RO          950    .ARM.Collect$$rtexit$$00000002  c_w.l(rtexit2.o)
    0x08000184   0x08000184   0x00000004   Code   RO          951    .ARM.Collect$$rtexit$$00000003  c_w.l(rtexit2.o)
    0x08000188   0x08000188   0x00000006   Code   RO          952    .ARM.Collect$$rtexit$$00000004  c_w.l(rtexit2.o)
    0x0800018e   0x0800018e   0x00000002   PAD
    0x08000190   0x08000190   0x00000040   Code   RO          337    .text               startup_stm32f10x_md.o
    0x080001d0   0x080001d0   0x0000008a   Code   RO          838    .text               c_w.l(rt_memcpy_v6.o)
    0x0800025a   0x0800025a   0x00000006   Code   RO          844    .text               c_w.l(heapauxi.o)
    0x08000260   0x08000260   0x00000064   Code   RO          867    .text               c_w.l(rt_memcpy_w.o)
    0x080002c4   0x080002c4   0x0000004a   Code   RO          891    .text               c_w.l(sys_stackheap_outer.o)
    0x0800030e   0x0800030e   0x00000012   Code   RO          893    .text               c_w.l(exit.o)
    0x08000320   0x08000320   0x00000008   Code   RO          899    .text               c_w.l(libspace.o)
    0x08000328   0x08000328   0x0000000c   Code   RO          960    .text               c_w.l(sys_exit.o)
    0x08000334   0x08000334   0x00000002   Code   RO          975    .text               c_w.l(use_no_semi.o)
    0x08000336   0x08000336   0x00000000   Code   RO          977    .text               c_w.l(indicate_semi.o)
    0x08000336   0x08000336   0x00000002   PAD
    0x08000338   0x08000338   0x0000007a   Code   RO            2    .text.ADC_ClockConfig  adc.o
    0x080003b2   0x080003b2   0x00000002   PAD
    0x080003b4   0x080003b4   0x00000048   Code   RO            4    .text.ADC_Config    adc.o
    0x080003fc   0x080003fc   0x0000000a   Code   RO            8    .text.ADC_GetValue  adc.o
    0x08000406   0x08000406   0x00000002   PAD
    0x08000408   0x08000408   0x0000002e   Code   RO            6    .text.ADC_Start     adc.o
    0x08000436   0x08000436   0x00000002   PAD
    0x08000438   0x08000438   0x0000003c   Code   RO           45    .text.GPIO_ClockEnable  gpio.o
    0x08000474   0x08000474   0x00000046   Code   RO           47    .text.GPIO_Init     gpio.o
    0x080004ba   0x080004ba   0x00000006   PAD
    0x080004c0   0x080004c0   0x00000044   Code   RO          439    .text.PendSV_Handler  port.o
    0x08000504   0x08000504   0x0000000c   PAD
    0x08000510   0x08000510   0x00000024   Code   RO          425    .text.SVC_Handler   port.o
    0x08000534   0x08000534   0x00000008   Code   RO          346    .text.SetSysClock   system_stm32f10x.o
    0x0800053c   0x0800053c   0x000000be   Code   RO          350    .text.SetSysClockTo72  system_stm32f10x.o
    0x080005fa   0x080005fa   0x00000002   PAD
    0x080005fc   0x080005fc   0x0000001a   Code   RO          142    .text.SysTick_Handler  cmsis_os2.o
    0x08000616   0x08000616   0x00000002   PAD
    0x08000618   0x08000618   0x00000056   Code   RO          344    .text.SystemInit    system_stm32f10x.o
    0x0800066e   0x0800066e   0x00000002   PAD
    0x08000670   0x08000670   0x00000020   Code   RO          122    .text._mutex_acquire  clib_os.o
    0x08000690   0x08000690   0x00000032   Code   RO          128    .text._mutex_free   clib_os.o
    0x080006c2   0x080006c2   0x00000002   PAD
    0x080006c4   0x080006c4   0x00000058   Code   RO          120    .text._mutex_initialize  clib_os.o
    0x0800071c   0x0800071c   0x00000022   Code   RO          126    .text._mutex_release  clib_os.o
    0x0800073e   0x0800073e   0x00000002   PAD
    0x08000740   0x08000740   0x00000002   Code   RO          114    .text._platform_post_stackheap_init  clib_os.o
    0x08000742   0x08000742   0x00000002   PAD
    0x08000744   0x08000744   0x0000009a   Code   RO          103    .text.double_to_string  oled.o
    0x080007de   0x080007de   0x00000002   PAD
    0x080007e0   0x080007e0   0x00000046   Code   RO           67    .text.i2c_add       i2c.o
    0x08000826   0x08000826   0x00000002   PAD
    0x08000828   0x08000828   0x00000040   Code   RO           69    .text.i2c_data      i2c.o
    0x08000868   0x08000868   0x000000de   Code   RO           63    .text.i2c_init      i2c.o
    0x08000946   0x08000946   0x00000002   PAD
    0x08000948   0x08000948   0x0000001e   Code   RO           65    .text.i2c_start     i2c.o
    0x08000966   0x08000966   0x00000002   PAD
    0x08000968   0x08000968   0x00000016   Code   RO           71    .text.i2c_stop      i2c.o
    0x0800097e   0x0800097e   0x00000002   PAD
    0x08000980   0x08000980   0x00000086   Code   RO          101    .text.int_to_string  oled.o
    0x08000a06   0x08000a06   0x00000002   PAD
    0x08000a08   0x08000a08   0x0000000c   Code   RO          124    .text.is_thread_mode  clib_os.o
    0x08000a14   0x08000a14   0x000000a8   Code   RO           20    .text.main          main.o
    0x08000abc   0x08000abc   0x00000032   Code   RO           91    .text.oled_clear    oled.o
    0x08000aee   0x08000aee   0x00000002   PAD
    0x08000af0   0x08000af0   0x0000002c   Code   RO           83    .text.oled_cmd_1byte  oled.o
    0x08000b1c   0x08000b1c   0x00000034   Code   RO           85    .text.oled_cmd_2byte  oled.o
    0x08000b50   0x08000b50   0x0000002c   Code   RO           95    .text.oled_data     oled.o
    0x08000b7c   0x08000b7c   0x000000ba   Code   RO           87    .text.oled_init     oled.o
    0x08000c36   0x08000c36   0x00000002   PAD
    0x08000c38   0x08000c38   0x0000003c   Code   RO           89    .text.oled_init_64  oled.o
    0x08000c74   0x08000c74   0x00000050   Code   RO           99    .text.oled_msg      oled.o
    0x08000cc4   0x08000cc4   0x0000002a   Code   RO           97    .text.oled_pos      oled.o
    0x08000cee   0x08000cee   0x00000002   PAD
    0x08000cf0   0x08000cf0   0x00000064   Code   RO           93    .text.oled_print    oled.o
    0x08000d54   0x08000d54   0x00000010   Code   RO          118    .text.os_kernel_is_active  clib_os.o
    0x08000d64   0x08000d64   0x000000b2   Code   RO          595    .text.prvAddCurrentTaskToDelayedList  tasks.o
    0x08000e16   0x08000e16   0x00000002   PAD
    0x08000e18   0x08000e18   0x0000007a   Code   RO          519    .text.prvCopyDataToQueue  queue.o
    0x08000e92   0x08000e92   0x00000002   PAD
    0x08000e94   0x08000e94   0x00000012   Code   RO          535    .text.prvGetDisinheritPriorityAfterTimeout  queue.o
    0x08000ea6   0x08000ea6   0x00000002   PAD
    0x08000ea8   0x08000ea8   0x0000006a   Code   RO          454    .text.prvHeapInit   heap_4.o
    0x08000f12   0x08000f12   0x00000002   PAD
    0x08000f14   0x08000f14   0x00000020   Code   RO          499    .text.prvInitialiseMutex  queue.o
    0x08000f34   0x08000f34   0x00000020   Code   RO          491    .text.prvInitialiseNewQueue  queue.o
    0x08000f54   0x08000f54   0x00000062   Code   RO          458    .text.prvInsertBlockIntoFreeList  heap_4.o
    0x08000fb6   0x08000fb6   0x00000002   PAD
    0x08000fb8   0x08000fb8   0x00000018   Code   RO          533    .text.prvIsQueueEmpty  queue.o
    0x08000fd0   0x08000fd0   0x0000001c   Code   RO          521    .text.prvIsQueueFull  queue.o
    0x08000fec   0x08000fec   0x00000026   Code   RO          587    .text.prvResetNextTaskUnblockTime  tasks.o
    0x08001012   0x08001012   0x00000002   PAD
    0x08001014   0x08001014   0x00000072   Code   RO          523    .text.prvUnlockQueue  queue.o
    0x08001086   0x08001086   0x00000002   PAD
    0x08001088   0x08001088   0x000000f6   Code   RO          452    .text.pvPortMalloc  heap_4.o
    0x0800117e   0x0800117e   0x00000002   PAD
    0x08001180   0x08001180   0x00000018   Code   RO          693    .text.pvTaskIncrementMutexHeldCount  tasks.o
    0x08001198   0x08001198   0x00000026   Code   RO          411    .text.uxListRemove  list.o
    0x080011be   0x080011be   0x00000002   PAD
    0x080011c0   0x080011c0   0x00000002   Code   RO          296    .text.vApplicationStackOverflowHook  cmsis_os2.o
    0x080011c2   0x080011c2   0x00000002   PAD
    0x080011c4   0x080011c4   0x00000016   Code   RO          403    .text.vListInitialise  list.o
    0x080011da   0x080011da   0x00000002   PAD
    0x080011dc   0x080011dc   0x0000003a   Code   RO          409    .text.vListInsert   list.o
    0x08001216   0x08001216   0x00000002   PAD
    0x08001218   0x08001218   0x00000020   Code   RO          435    .text.vPortEnterCritical  port.o
    0x08001238   0x08001238   0x0000001a   Code   RO          437    .text.vPortExitCritical  port.o
    0x08001252   0x08001252   0x00000002   PAD
    0x08001254   0x08001254   0x00000056   Code   RO          456    .text.vPortFree     heap_4.o
    0x080012aa   0x080012aa   0x00000002   PAD
    0x080012ac   0x080012ac   0x00000010   Code   RO          549    .text.vQueueDelete  queue.o
    0x080012bc   0x080012bc   0x0000001a   Code   RO          663    .text.vTaskInternalSetTimeOutState  tasks.o
    0x080012d6   0x080012d6   0x00000002   PAD
    0x080012d8   0x080012d8   0x0000000e   Code   RO          667    .text.vTaskMissedYield  tasks.o
    0x080012e6   0x080012e6   0x00000002   PAD
    0x080012e8   0x080012e8   0x0000001e   Code   RO          651    .text.vTaskPlaceOnEventList  tasks.o
    0x08001306   0x08001306   0x00000002   PAD
    0x08001308   0x08001308   0x00000080   Code   RO          689    .text.vTaskPriorityDisinheritAfterTimeout  tasks.o
    0x08001388   0x08001388   0x00000010   Code   RO          593    .text.vTaskSuspendAll  tasks.o
    0x08001398   0x08001398   0x000000ac   Code   RO          615    .text.vTaskSwitchContext  tasks.o
    0x08001444   0x08001444   0x0000002e   Code   RO          441    .text.xPortSysTickHandler  port.o
    0x08001472   0x08001472   0x00000002   PAD
    0x08001474   0x08001474   0x00000016   Code   RO          497    .text.xQueueCreateMutex  queue.o
    0x0800148a   0x0800148a   0x00000002   PAD
    0x0800148c   0x0800148c   0x00000022   Code   RO          501    .text.xQueueCreateMutexStatic  queue.o
    0x080014ae   0x080014ae   0x00000002   PAD
    0x080014b0   0x080014b0   0x0000004c   Code   RO          495    .text.xQueueGenericCreate  queue.o
    0x080014fc   0x080014fc   0x0000003a   Code   RO          489    .text.xQueueGenericCreateStatic  queue.o
    0x08001536   0x08001536   0x00000002   PAD
    0x08001538   0x08001538   0x00000080   Code   RO          487    .text.xQueueGenericReset  queue.o
    0x080015b8   0x080015b8   0x00000136   Code   RO          509    .text.xQueueGenericSend  queue.o
    0x080016ee   0x080016ee   0x00000002   PAD
    0x080016f0   0x080016f0   0x00000162   Code   RO          513    .text.xQueueSemaphoreTake  queue.o
    0x08001852   0x08001852   0x00000002   PAD
    0x08001854   0x08001854   0x0000007c   Code   RO          665    .text.xTaskCheckForTimeOut  tasks.o
    0x080018d0   0x080018d0   0x00000026   Code   RO          683    .text.xTaskGetSchedulerState  tasks.o
    0x080018f6   0x080018f6   0x00000002   PAD
    0x080018f8   0x080018f8   0x00000194   Code   RO          631    .text.xTaskIncrementTick  tasks.o
    0x08001a8c   0x08001a8c   0x00000070   Code   RO          687    .text.xTaskPriorityDisinherit  tasks.o
    0x08001afc   0x08001afc   0x000000a6   Code   RO          685    .text.xTaskPriorityInherit  tasks.o
    0x08001ba2   0x08001ba2   0x00000002   PAD
    0x08001ba4   0x08001ba4   0x000000e0   Code   RO          657    .text.xTaskRemoveFromEventList  tasks.o
    0x08001c84   0x08001c84   0x0000015c   Code   RO          597    .text.xTaskResumeAll  tasks.o
    0x08001de0   0x08001de0   0x00000150   Code   RO          848    x$fpl$dadd          fz_ws.l(daddsub_clz.o)
    0x08001f30   0x08001f30   0x0000005e   Code   RO          854    x$fpl$dfix          fz_ws.l(dfix.o)
    0x08001f8e   0x08001f8e   0x0000002e   Code   RO          859    x$fpl$dflt          fz_ws.l(dflt_clz.o)
    0x08001fbc   0x08001fbc   0x00000154   Code   RO          864    x$fpl$dmul          fz_ws.l(dmul.o)
    0x08002110   0x08002110   0x0000009c   Code   RO          871    x$fpl$dnaninf       fz_ws.l(dnaninf.o)
    0x080021ac   0x080021ac   0x0000000c   Code   RO          873    x$fpl$dretinf       fz_ws.l(dretinf.o)
    0x080021b8   0x080021b8   0x000001d4   Code   RO          850    x$fpl$dsub          fz_ws.l(daddsub_clz.o)
    0x0800238c   0x0800238c   0x00000000   Code   RO          875    x$fpl$usenofp       fz_ws.l(usenofp.o)
    0x0800238c   0x0800238c   0x000001e0   Data   RO          105    .rodata.ASCII       oled.o
    0x0800256c   0x0800256c   0x00000020   Data   RO         1033    Region$$Table       anon$$obj.o


    Execution Region RW_IRAM1 (Exec base: 0x20000000, Load base: 0x08002590, Size: 0x00002ce8, Max: 0x00005000, ABSOLUTE)

    Exec Addr    Load Addr    Size         Type   Attr      Idx    E Section Name        Object

    0x20000000   0x08002590   0x00000004   Data   RW          443    .data.uxCriticalNesting  port.o
    0x20000004   0x08002594   0x00000004   PAD
    0x20000008        -       0x00000060   Zero   RW          900    .bss                c_w.l(libspace.o)
    0x20000068        -       0x00000190   Zero   RW          133    .bss.clib_mutex_cb  clib_os.o
    0x200001f8        -       0x00000014   Zero   RW          132    .bss.clib_mutex_id  clib_os.o
    0x2000020c        -       0x00000004   Zero   RW          721    .bss.pxCurrentTCB   tasks.o
    0x20000210        -       0x00000004   Zero   RW          728    .bss.pxDelayedTaskList  tasks.o
    0x20000214        -       0x00000004   Zero   RW          472    .bss.pxEnd          heap_4.o
    0x20000218        -       0x00000004   Zero   RW          729    .bss.pxOverflowDelayedTaskList  tasks.o
    0x2000021c        -       0x00000460   Zero   RW          732    .bss.pxReadyTasksLists  tasks.o
    0x2000067c        -       0x00002000   Zero   RW          478    .bss.ucHeap         heap_4.o
    0x2000267c        -       0x00000004   Zero   RW          726    .bss.uxCurrentNumberOfTasks  tasks.o
    0x20002680        -       0x00000004   Zero   RW          734    .bss.uxSchedulerSuspended  tasks.o
    0x20002684        -       0x00000004   Zero   RW          733    .bss.uxTopReadyPriority  tasks.o
    0x20002688        -       0x00000004   Zero   RW           22    .bss.value          main.o
    0x2000268c        -       0x00000004   Zero   RW          473    .bss.xFreeBytesRemaining  heap_4.o
    0x20002690        -       0x00000004   Zero   RW          475    .bss.xMinimumEverFreeBytesRemaining  heap_4.o
    0x20002694        -       0x00000004   Zero   RW          736    .bss.xNextTaskUnblockTime  tasks.o
    0x20002698        -       0x00000004   Zero   RW          739    .bss.xNumOfOverflows  tasks.o
    0x2000269c        -       0x00000004   Zero   RW          476    .bss.xNumberOfSuccessfulAllocations  heap_4.o
    0x200026a0        -       0x00000004   Zero   RW          477    .bss.xNumberOfSuccessfulFrees  heap_4.o
    0x200026a4        -       0x00000004   Zero   RW          738    .bss.xPendedTicks   tasks.o
    0x200026a8        -       0x00000014   Zero   RW          730    .bss.xPendingReadyList  tasks.o
    0x200026bc        -       0x00000004   Zero   RW          723    .bss.xSchedulerRunning  tasks.o
    0x200026c0        -       0x00000008   Zero   RW          474    .bss.xStart         heap_4.o
    0x200026c8        -       0x00000014   Zero   RW          731    .bss.xSuspendedTaskList  tasks.o
    0x200026dc        -       0x00000004   Zero   RW          727    .bss.xTickCount     tasks.o
    0x200026e0        -       0x00000004   Zero   RW          735    .bss.xYieldPendings  tasks.o
    0x200026e4   0x08002594   0x00000004   PAD
    0x200026e8        -       0x00000200   Zero   RW          335    HEAP                startup_stm32f10x_md.o
    0x200028e8        -       0x00000400   Zero   RW          334    STACK               startup_stm32f10x_md.o


==============================================================================

Image component sizes


      Code (inc. data)   RO Data    RW Data    ZI Data      Debug   Object Name

       250          0          0          0          0       1957   adc.o
       234          0          0          0        420       3947   clib_os.o
        28          0          0          0          0      38316   cmsis_os2.o
       130         20          0          0          0       2570   gpio.o
       536          0          0          0       8220       5020   heap_4.o
       408          0          0          0          0       2899   i2c.o
       118          0          0          0          0       2279   list.o
       168          8          0          0          4       1726   main.o
       946         12        480          0          0       5257   oled.o
       208          8          0          4          0       2848   port.o
      1368          0          0          0          0      19484   queue.o
        64         26        236          0       1536        820   startup_stm32f10x_md.o
       284          0          0          0          0       2913   system_stm32f10x.o
      2042          0          0          0       1208      35044   tasks.o

    ----------------------------------------------------------------------
      6888         86        748          4      11396     125080   Object Totals
         0          0         32          0          0          0   (incl. Generated)
       104         12          0          0          8          0   (incl. Padding)

    ----------------------------------------------------------------------

      Code (inc. data)   RO Data    RW Data    ZI Data      Debug   Library Member Name

         8          0          0          0          0         68   __main.o
         0          0          0          0          0          0   __rtentry.o
        20          0          0          0          0          0   __rtentry2.o
         6          0          0          0          0          0   __rtentry4.o
        52          8          0          0          0          0   __scatter.o
        26          0          0          0          0          0   __scatter_copy.o
        28          0          0          0          0          0   __scatter_zi.o
        18          0          0          0          0         80   exit.o
         6          0          0          0          0        152   heapauxi.o
         0          0          0          0          0          0   indicate_semi.o
         2          0          0          0          0          0   libinit.o
         2          0          0          0          0          0   libinit2.o
         2          0          0          0          0          0   libshutdown.o
         2          0          0          0          0          0   libshutdown2.o
         8          4          0          0         96         68   libspace.o
       138          0          0          0          0         68   rt_memcpy_v6.o
       100          0          0          0          0         80   rt_memcpy_w.o
         2          0          0          0          0          0   rtexit.o
        10          0          0          0          0          0   rtexit2.o
        12          4          0          0          0         68   sys_exit.o
        74          0          0          0          0         80   sys_stackheap_outer.o
         2          0          0          0          0         68   use_no_semi.o
       804         16          0          0          0        280   daddsub_clz.o
        94          4          0          0          0         92   dfix.o
        46          0          0          0          0         68   dflt_clz.o
       340         12          0          0          0        104   dmul.o
       156          4          0          0          0         92   dnaninf.o
        12          0          0          0          0         68   dretinf.o
         0          0          0          0          0          0   usenofp.o

    ----------------------------------------------------------------------
      1976         52          0          0         96       1436   Library Totals
         6          0          0          0          0          0   (incl. Padding)

    ----------------------------------------------------------------------

      Code (inc. data)   RO Data    RW Data    ZI Data      Debug   Library Name

       518         16          0          0         96        732   c_w.l
      1452         36          0          0          0        704   fz_ws.l

    ----------------------------------------------------------------------
      1976         52          0          0         96       1436   Library Totals

    ----------------------------------------------------------------------

==============================================================================


      Code (inc. data)   RO Data    RW Data    ZI Data      Debug   

      8864        138        748          4      11492     125748   Grand Totals
      8864        138        748          4      11492     125748   ELF Image Totals
      8864        138        748          4          0          0   ROM Totals

==============================================================================

    Total RO  Size (Code + RO Data)                 9612 (   9.39kB)
    Total RW  Size (RW Data + ZI Data)             11496 (  11.23kB)
    Total ROM Size (Code + RO Data + RW Data)       9616 (   9.39kB)

==============================================================================

